{"event": "start", "args": {"shapes": "500,512,513,800,1024", "dim": 32, "dtype": "bf16", "api": "low-memory", "chunk_i": 128, "reference_chunk": 8, "benchmark_inputs": false}, "seed": "20260921+n", "dtype": "torch.bfloat16", "batch": 1, "heads": 8, "dim": 32, "relative_limit": 0.012, "zero_atol": 2e-05, "mask_fill": -10000.0, "torch": "2.13.0a0+9186a08b2c.nv26.07", "device": "NVIDIA H20-3e", "reference": "independent FP64 matmul/finite-mask/softmax/autograd, chunked over i", "sources": {"scripts/validate_fused.py": "04f70575a4430d4485de2b87aab6513311ce83f313a1fcdb6a942f6a9b82b04f", "src/trifast/__init__.py": "7991e4899fe05dabd35c0ba453c516f9a22a7f1b7d7b6937441d202bf1fc8caf", "src/trifast/_fused_backward.py": "fdcd722a80b298d3700833946c8b16ff6ed8a70db2046768e44df2cc8d4df0e8", "src/trifast/_fused_chunked.py": "07bb4debb8a37943bbd89aeac8e632b27481d5d8982722428b97f7eb26a2095d", "src/trifast/_fused_dispatch.py": "add438fee965ecd1dffb830fc12e5d811d2ba39f952a1147870bccc9533e5e59", "src/trifast/_fused_forward.py": "a44e96aa9c3a82c6cbe330b1edbe707be1a89e1591b96e0e18bdec4d9a9a0113", "src/trifast/autotune.py": "0909cf562b06259aae34986a5d826e4c8fb2860816689b6b6ba56be3a44595b9", "src/trifast/autotune_helpers.py": "8bfc1a3c2ec06c001188766b6231523cb767466c22d6fbcae2089f2a410e9b9a", "src/trifast/equiv.py": "d8b293f80a605d4912704ae35e9b60b8dbe18c83e81c8be85657afc58a197097", "src/trifast/fused_api.py": "474ad68aecc5e4d29ced3daee8b88dee021dde75335c4ceb459a58463a723343", "src/trifast/fused_low_memory_api.py": "3f4d3035d569d4717951ca6651f1af01d448c461a933d4d6d4933cdf01c1e92e", "src/trifast/torch.py": "ccbd6dabc51f89132b4f0ce17506376a83484a5430f210b5bd7b23ef02641d72", "src/trifast/triton.py": "e71e3f7493e10235efd9b4a63ba5e4940f8e27bd84b5959d51dda2964e1849a9", "src/trifast/tune.py": "e960cf5e0074c8481211d754d8db24831b6b7d9f75fcab589b7bbe73c361e132", "src/trifast/utils.py": "59be46971a782cae0ade81747b553ce7b4669879890d023e0caf0f3852dcf212"}}
{"event": "chunk", "n": 500, "first": 0, "last": 8, "elapsed_seconds": 0.22605474293231964, "allocated_bytes": 1334704640}
{"event": "chunk", "n": 500, "first": 8, "last": 16, "elapsed_seconds": 0.2425340786576271, "allocated_bytes": 1333918208}
{"event": "chunk", "n": 500, "first": 16, "last": 24, "elapsed_seconds": 0.2587323933839798, "allocated_bytes": 1334704640}
{"event": "chunk", "n": 500, "first": 24, "last": 32, "elapsed_seconds": 0.2749238945543766, "allocated_bytes": 1333918208}
{"event": "chunk", "n": 500, "first": 32, "last": 40, "elapsed_seconds": 0.29135390743613243, "allocated_bytes": 1334704640}
{"event": "chunk", "n": 500, "first": 40, "last": 48, "elapsed_seconds": 0.307486642152071, "allocated_bytes": 1333918208}
{"event": "chunk", "n": 500, "first": 48, "last": 56, "elapsed_seconds": 0.32361240684986115, "allocated_bytes": 1334704640}
{"event": "chunk", "n": 500, "first": 56, "last": 64, "elapsed_seconds": 0.33972712606191635, "allocated_bytes": 1333918208}
{"event": "chunk", "n": 500, "first": 64, "last": 72, "elapsed_seconds": 0.3558596260845661, "allocated_bytes": 1334704640}
{"event": "chunk", "n": 500, "first": 72, "last": 80, "elapsed_seconds": 0.37199119850993156, "allocated_bytes": 1333918208}
{"event": "chunk", "n": 500, "first": 80, "last": 88, "elapsed_seconds": 0.388126652687788, "allocated_bytes": 1334704640}
{"event": "chunk", "n": 500, "first": 88, "last": 96, "elapsed_seconds": 0.4042627401649952, "allocated_bytes": 1333918208}
{"event": "chunk", "n": 500, "first": 96, "last": 104, "elapsed_seconds": 0.4203651063144207, "allocated_bytes": 1334704640}
{"event": "chunk", "n": 500, "first": 104, "last": 112, "elapsed_seconds": 0.4366726689040661, "allocated_bytes": 1333918208}
{"event": "chunk", "n": 500, "first": 112, "last": 120, "elapsed_seconds": 0.45278946310281754, "allocated_bytes": 1334704640}
{"event": "chunk", "n": 500, "first": 120, "last": 128, "elapsed_seconds": 0.468905046582222, "allocated_bytes": 1333918208}
{"event": "chunk", "n": 500, "first": 128, "last": 136, "elapsed_seconds": 0.4850566126406193, "allocated_bytes": 1334704640}
{"event": "chunk", "n": 500, "first": 136, "last": 144, "elapsed_seconds": 0.501214537769556, "allocated_bytes": 1333918208}
{"event": "chunk", "n": 500, "first": 144, "last": 152, "elapsed_seconds": 0.5173771008849144, "allocated_bytes": 1334704640}
{"event": "chunk", "n": 500, "first": 152, "last": 160, "elapsed_seconds": 0.5334784872829914, "allocated_bytes": 1333918208}
{"event": "chunk", "n": 500, "first": 160, "last": 168, "elapsed_seconds": 0.5496125891804695, "allocated_bytes": 1334704640}
{"event": "chunk", "n": 500, "first": 168, "last": 176, "elapsed_seconds": 0.565740779042244, "allocated_bytes": 1333918208}
{"event": "chunk", "n": 500, "first": 176, "last": 184, "elapsed_seconds": 0.5818532928824425, "allocated_bytes": 1334704640}
{"event": "chunk", "n": 500, "first": 184, "last": 192, "elapsed_seconds": 0.5979841575026512, "allocated_bytes": 1333918208}
{"event": "chunk", "n": 500, "first": 192, "last": 200, "elapsed_seconds": 0.6141209714114666, "allocated_bytes": 1334704640}
{"event": "chunk", "n": 500, "first": 200, "last": 208, "elapsed_seconds": 0.630281113088131, "allocated_bytes": 1333918208}
{"event": "chunk", "n": 500, "first": 208, "last": 216, "elapsed_seconds": 0.6466118767857552, "allocated_bytes": 1334704640}
{"event": "chunk", "n": 500, "first": 216, "last": 224, "elapsed_seconds": 0.6627378985285759, "allocated_bytes": 1333918208}
{"event": "chunk", "n": 500, "first": 224, "last": 232, "elapsed_seconds": 0.678859643638134, "allocated_bytes": 1334704640}
{"event": "chunk", "n": 500, "first": 232, "last": 240, "elapsed_seconds": 0.6949763521552086, "allocated_bytes": 1333918208}
{"event": "chunk", "n": 500, "first": 240, "last": 248, "elapsed_seconds": 0.711082860827446, "allocated_bytes": 1334704640}
{"event": "chunk", "n": 500, "first": 248, "last": 256, "elapsed_seconds": 0.7272144667804241, "allocated_bytes": 1333918208}
{"event": "chunk", "n": 500, "first": 256, "last": 264, "elapsed_seconds": 0.7433584742248058, "allocated_bytes": 1334704640}
{"event": "chunk", "n": 500, "first": 264, "last": 272, "elapsed_seconds": 0.7594677992165089, "allocated_bytes": 1333918208}
{"event": "chunk", "n": 500, "first": 272, "last": 280, "elapsed_seconds": 0.7755712419748306, "allocated_bytes": 1334704640}
{"event": "chunk", "n": 500, "first": 280, "last": 288, "elapsed_seconds": 0.7916713804006577, "allocated_bytes": 1333918208}
{"event": "chunk", "n": 500, "first": 288, "last": 296, "elapsed_seconds": 0.807780247181654, "allocated_bytes": 1334704640}
{"event": "chunk", "n": 500, "first": 296, "last": 304, "elapsed_seconds": 0.823873233050108, "allocated_bytes": 1333918208}
{"event": "chunk", "n": 500, "first": 304, "last": 312, "elapsed_seconds": 0.8399980142712593, "allocated_bytes": 1334704640}
{"event": "chunk", "n": 500, "first": 312, "last": 320, "elapsed_seconds": 0.8561893552541733, "allocated_bytes": 1333918208}
{"event": "chunk", "n": 500, "first": 320, "last": 328, "elapsed_seconds": 0.8724819272756577, "allocated_bytes": 1334704640}
{"event": "chunk", "n": 500, "first": 328, "last": 336, "elapsed_seconds": 0.8885984644293785, "allocated_bytes": 1333918208}
{"event": "chunk", "n": 500, "first": 336, "last": 344, "elapsed_seconds": 0.9047390669584274, "allocated_bytes": 1334704640}
{"event": "chunk", "n": 500, "first": 344, "last": 352, "elapsed_seconds": 0.9212773516774178, "allocated_bytes": 1333918208}
{"event": "chunk", "n": 500, "first": 352, "last": 360, "elapsed_seconds": 0.9374199099838734, "allocated_bytes": 1334704640}
{"event": "chunk", "n": 500, "first": 360, "last": 368, "elapsed_seconds": 0.9535365328192711, "allocated_bytes": 1333918208}
{"event": "chunk", "n": 500, "first": 368, "last": 376, "elapsed_seconds": 0.9696568734943867, "allocated_bytes": 1334704640}
{"event": "chunk", "n": 500, "first": 376, "last": 384, "elapsed_seconds": 0.9857459589838982, "allocated_bytes": 1333918208}
{"event": "chunk", "n": 500, "first": 384, "last": 392, "elapsed_seconds": 1.001866888254881, "allocated_bytes": 1334704640}
{"event": "chunk", "n": 500, "first": 392, "last": 400, "elapsed_seconds": 1.0179659686982632, "allocated_bytes": 1333918208}
{"event": "chunk", "n": 500, "first": 400, "last": 408, "elapsed_seconds": 1.0340878926217556, "allocated_bytes": 1334704640}
{"event": "chunk", "n": 500, "first": 408, "last": 416, "elapsed_seconds": 1.0502135269343853, "allocated_bytes": 1333918208}
{"event": "chunk", "n": 500, "first": 416, "last": 424, "elapsed_seconds": 1.066320352256298, "allocated_bytes": 1334704640}
{"event": "chunk", "n": 500, "first": 424, "last": 432, "elapsed_seconds": 1.082434844225645, "allocated_bytes": 1333918208}
{"event": "chunk", "n": 500, "first": 432, "last": 440, "elapsed_seconds": 1.0985423736274242, "allocated_bytes": 1334704640}
{"event": "chunk", "n": 500, "first": 440, "last": 448, "elapsed_seconds": 1.114637564867735, "allocated_bytes": 1333918208}
{"event": "chunk", "n": 500, "first": 448, "last": 456, "elapsed_seconds": 1.130765650421381, "allocated_bytes": 1334704640}
{"event": "chunk", "n": 500, "first": 456, "last": 464, "elapsed_seconds": 1.1468844301998615, "allocated_bytes": 1333918208}
{"event": "chunk", "n": 500, "first": 464, "last": 472, "elapsed_seconds": 1.162988319993019, "allocated_bytes": 1334704640}
{"event": "chunk", "n": 500, "first": 472, "last": 480, "elapsed_seconds": 1.179086972028017, "allocated_bytes": 1333918208}
{"event": "chunk", "n": 500, "first": 480, "last": 488, "elapsed_seconds": 1.1951885484158993, "allocated_bytes": 1334704640}
{"event": "chunk", "n": 500, "first": 488, "last": 496, "elapsed_seconds": 1.2112950310111046, "allocated_bytes": 1333918208}
{"event": "chunk", "n": 500, "first": 496, "last": 500, "elapsed_seconds": 1.2205749712884426, "allocated_bytes": 1242613248}
{"event": "case", "n": 500, "dtype": "torch.bfloat16", "dim": 32, "checks": {"output": {"relative_l2": 0.0019068125448104905, "max_abs": 0.007219795265202222, "zero_max_abs": 0.0, "rounded_zero_reference_max_abs": 0.0, "finite": true, "passed": true}, "dq": {"relative_l2": 0.0024465211408602958, "max_abs": 0.01414316145224781, "zero_max_abs": 0.0, "rounded_zero_reference_max_abs": 0.0, "finite": true, "passed": true}, "dk": {"relative_l2": 0.002369843206918027, "max_abs": 0.01236724636041231, "zero_max_abs": 0.0, "rounded_zero_reference_max_abs": 0.0, "finite": true, "passed": true}, "dv": {"relative_l2": 0.0022927322342675242, "max_abs": 0.1233062744140625, "zero_max_abs": 0.0, "rounded_zero_reference_max_abs": 0.0, "finite": true, "passed": true}, "db": {"relative_l2": 0.0016876517400662065, "max_abs": 0.060777146193590426, "zero_max_abs": 0.0, "rounded_zero_reference_max_abs": 0.0, "finite": true, "passed": true}}, "passed": true, "candidate_seconds": 19.500261403620243, "reference_seconds": 1.2218171246349812, "candidate_peak_allocated_bytes": 1536201728, "total_peak_allocated_bytes": 1830704640, "peak_reserved_bytes": 1973420032}
{"event": "chunk", "n": 512, "first": 0, "last": 8, "elapsed_seconds": 0.0161711648106575, "allocated_bytes": 1392771072}
{"event": "chunk", "n": 512, "first": 8, "last": 16, "elapsed_seconds": 0.032390572130680084, "allocated_bytes": 1392771072}
{"event": "chunk", "n": 512, "first": 16, "last": 24, "elapsed_seconds": 0.04860997200012207, "allocated_bytes": 1392771072}
{"event": "chunk", "n": 512, "first": 24, "last": 32, "elapsed_seconds": 0.06484059616923332, "allocated_bytes": 1392771072}
{"event": "chunk", "n": 512, "first": 32, "last": 40, "elapsed_seconds": 0.08106891810894012, "allocated_bytes": 1392771072}
{"event": "chunk", "n": 512, "first": 40, "last": 48, "elapsed_seconds": 0.09730088338255882, "allocated_bytes": 1392771072}
{"event": "chunk", "n": 512, "first": 48, "last": 56, "elapsed_seconds": 0.11355090886354446, "allocated_bytes": 1392771072}
{"event": "chunk", "n": 512, "first": 56, "last": 64, "elapsed_seconds": 0.1297447830438614, "allocated_bytes": 1392771072}
{"event": "chunk", "n": 512, "first": 64, "last": 72, "elapsed_seconds": 0.14593792334198952, "allocated_bytes": 1392771072}
{"event": "chunk", "n": 512, "first": 72, "last": 80, "elapsed_seconds": 0.162123154848814, "allocated_bytes": 1392771072}
{"event": "chunk", "n": 512, "first": 80, "last": 88, "elapsed_seconds": 0.17833437025547028, "allocated_bytes": 1392771072}
{"event": "chunk", "n": 512, "first": 88, "last": 96, "elapsed_seconds": 0.19452139362692833, "allocated_bytes": 1392771072}
{"event": "chunk", "n": 512, "first": 96, "last": 104, "elapsed_seconds": 0.21070366725325584, "allocated_bytes": 1392771072}
{"event": "chunk", "n": 512, "first": 104, "last": 112, "elapsed_seconds": 0.22688600793480873, "allocated_bytes": 1392771072}
{"event": "chunk", "n": 512, "first": 112, "last": 120, "elapsed_seconds": 0.24308868125081062, "allocated_bytes": 1392771072}
{"event": "chunk", "n": 512, "first": 120, "last": 128, "elapsed_seconds": 0.2593122571706772, "allocated_bytes": 1392771072}
{"event": "chunk", "n": 512, "first": 128, "last": 136, "elapsed_seconds": 0.27554257959127426, "allocated_bytes": 1392771072}
{"event": "chunk", "n": 512, "first": 136, "last": 144, "elapsed_seconds": 0.29176512733101845, "allocated_bytes": 1392771072}
{"event": "chunk", "n": 512, "first": 144, "last": 152, "elapsed_seconds": 0.3079765625298023, "allocated_bytes": 1392771072}
{"event": "chunk", "n": 512, "first": 152, "last": 160, "elapsed_seconds": 0.3241845779120922, "allocated_bytes": 1392771072}
{"event": "chunk", "n": 512, "first": 160, "last": 168, "elapsed_seconds": 0.34040623158216476, "allocated_bytes": 1392771072}
{"event": "chunk", "n": 512, "first": 168, "last": 176, "elapsed_seconds": 0.356623288244009, "allocated_bytes": 1392771072}
{"event": "chunk", "n": 512, "first": 176, "last": 184, "elapsed_seconds": 0.3728310354053974, "allocated_bytes": 1392771072}
{"event": "chunk", "n": 512, "first": 184, "last": 192, "elapsed_seconds": 0.38903675973415375, "allocated_bytes": 1392771072}
{"event": "chunk", "n": 512, "first": 192, "last": 200, "elapsed_seconds": 0.4052407182753086, "allocated_bytes": 1392771072}
{"event": "chunk", "n": 512, "first": 200, "last": 208, "elapsed_seconds": 0.4214249849319458, "allocated_bytes": 1392771072}
{"event": "chunk", "n": 512, "first": 208, "last": 216, "elapsed_seconds": 0.4376513548195362, "allocated_bytes": 1392771072}
{"event": "chunk", "n": 512, "first": 216, "last": 224, "elapsed_seconds": 0.45385322347283363, "allocated_bytes": 1392771072}
{"event": "chunk", "n": 512, "first": 224, "last": 232, "elapsed_seconds": 0.4700547941029072, "allocated_bytes": 1392771072}
{"event": "chunk", "n": 512, "first": 232, "last": 240, "elapsed_seconds": 0.4862527996301651, "allocated_bytes": 1392771072}
{"event": "chunk", "n": 512, "first": 240, "last": 248, "elapsed_seconds": 0.5024574473500252, "allocated_bytes": 1392771072}
{"event": "chunk", "n": 512, "first": 248, "last": 256, "elapsed_seconds": 0.5186515040695667, "allocated_bytes": 1392771072}
{"event": "chunk", "n": 512, "first": 256, "last": 264, "elapsed_seconds": 0.534853857010603, "allocated_bytes": 1392771072}
{"event": "chunk", "n": 512, "first": 264, "last": 272, "elapsed_seconds": 0.5510211549699306, "allocated_bytes": 1392771072}
{"event": "chunk", "n": 512, "first": 272, "last": 280, "elapsed_seconds": 0.5672436840832233, "allocated_bytes": 1392771072}
{"event": "chunk", "n": 512, "first": 280, "last": 288, "elapsed_seconds": 0.5834164656698704, "allocated_bytes": 1392771072}
{"event": "chunk", "n": 512, "first": 288, "last": 296, "elapsed_seconds": 0.5996009781956673, "allocated_bytes": 1392771072}
{"event": "chunk", "n": 512, "first": 296, "last": 304, "elapsed_seconds": 0.6157924830913544, "allocated_bytes": 1392771072}
{"event": "chunk", "n": 512, "first": 304, "last": 312, "elapsed_seconds": 0.6323902234435081, "allocated_bytes": 1392771072}
{"event": "chunk", "n": 512, "first": 312, "last": 320, "elapsed_seconds": 0.6486063748598099, "allocated_bytes": 1392771072}
{"event": "chunk", "n": 512, "first": 320, "last": 328, "elapsed_seconds": 0.6648068130016327, "allocated_bytes": 1392771072}
{"event": "chunk", "n": 512, "first": 328, "last": 336, "elapsed_seconds": 0.6810184419155121, "allocated_bytes": 1392771072}
{"event": "chunk", "n": 512, "first": 336, "last": 344, "elapsed_seconds": 0.6972335465252399, "allocated_bytes": 1392771072}
{"event": "chunk", "n": 512, "first": 344, "last": 352, "elapsed_seconds": 0.7134873382747173, "allocated_bytes": 1392771072}
{"event": "chunk", "n": 512, "first": 352, "last": 360, "elapsed_seconds": 0.7296928316354752, "allocated_bytes": 1392771072}
{"event": "chunk", "n": 512, "first": 360, "last": 368, "elapsed_seconds": 0.746064368635416, "allocated_bytes": 1392771072}
{"event": "chunk", "n": 512, "first": 368, "last": 376, "elapsed_seconds": 0.7624151930212975, "allocated_bytes": 1392771072}
{"event": "chunk", "n": 512, "first": 376, "last": 384, "elapsed_seconds": 0.7786181606352329, "allocated_bytes": 1392771072}
{"event": "chunk", "n": 512, "first": 384, "last": 392, "elapsed_seconds": 0.7948214150965214, "allocated_bytes": 1392771072}
{"event": "chunk", "n": 512, "first": 392, "last": 400, "elapsed_seconds": 0.8110047392547131, "allocated_bytes": 1392771072}
{"event": "chunk", "n": 512, "first": 400, "last": 408, "elapsed_seconds": 0.8272013552486897, "allocated_bytes": 1392771072}
{"event": "chunk", "n": 512, "first": 408, "last": 416, "elapsed_seconds": 0.8434063419699669, "allocated_bytes": 1392771072}
{"event": "chunk", "n": 512, "first": 416, "last": 424, "elapsed_seconds": 0.8596741110086441, "allocated_bytes": 1392771072}
{"event": "chunk", "n": 512, "first": 424, "last": 432, "elapsed_seconds": 0.8759206756949425, "allocated_bytes": 1392771072}
{"event": "chunk", "n": 512, "first": 432, "last": 440, "elapsed_seconds": 0.8921387456357479, "allocated_bytes": 1392771072}
{"event": "chunk", "n": 512, "first": 440, "last": 448, "elapsed_seconds": 0.9083533920347691, "allocated_bytes": 1392771072}
{"event": "chunk", "n": 512, "first": 448, "last": 456, "elapsed_seconds": 0.9246063753962517, "allocated_bytes": 1392771072}
{"event": "chunk", "n": 512, "first": 456, "last": 464, "elapsed_seconds": 0.940803200006485, "allocated_bytes": 1392771072}
{"event": "chunk", "n": 512, "first": 464, "last": 472, "elapsed_seconds": 0.957007110118866, "allocated_bytes": 1392771072}
{"event": "chunk", "n": 512, "first": 472, "last": 480, "elapsed_seconds": 0.9741867035627365, "allocated_bytes": 1392771072}
{"event": "chunk", "n": 512, "first": 480, "last": 488, "elapsed_seconds": 0.990375641733408, "allocated_bytes": 1392771072}
{"event": "chunk", "n": 512, "first": 488, "last": 496, "elapsed_seconds": 1.0065781474113464, "allocated_bytes": 1392771072}
{"event": "chunk", "n": 512, "first": 496, "last": 504, "elapsed_seconds": 1.0227909050881863, "allocated_bytes": 1392771072}
{"event": "chunk", "n": 512, "first": 504, "last": 512, "elapsed_seconds": 1.038981132209301, "allocated_bytes": 1392771072}
{"event": "case", "n": 512, "dtype": "torch.bfloat16", "dim": 32, "checks": {"output": {"relative_l2": 0.0018691542647122133, "max_abs": 0.007663613479505393, "zero_max_abs": 0.0, "rounded_zero_reference_max_abs": 0.0, "finite": true, "passed": true}, "dq": {"relative_l2": 0.002447494125261213, "max_abs": 0.012745628075178678, "zero_max_abs": 0.0, "rounded_zero_reference_max_abs": 0.000284754157241752, "finite": true, "passed": true}, "dk": {"relative_l2": 0.002369975563412977, "max_abs": 0.012234803495527746, "zero_max_abs": 0.0, "rounded_zero_reference_max_abs": 9.911571537437694e-05, "finite": true, "passed": true}, "dv": {"relative_l2": 0.0022814259798095743, "max_abs": 0.1199493408203125, "zero_max_abs": 0.0, "rounded_zero_reference_max_abs": 0.0, "finite": true, "passed": true}, "db": {"relative_l2": 0.0016843029772747999, "max_abs": 0.06254774906324556, "zero_max_abs": 0.0, "rounded_zero_reference_max_abs": 0.0, "finite": true, "passed": true}}, "passed": true, "candidate_seconds": 0.008709445595741272, "reference_seconds": 1.0398581698536873, "candidate_peak_allocated_bytes": 1384923136, "total_peak_allocated_bytes": 1912864768, "peak_reserved_bytes": 2084569088}
{"event": "chunk", "n": 513, "first": 0, "last": 8, "elapsed_seconds": 0.02035662904381752, "allocated_bytes": 1397842432}
{"event": "chunk", "n": 513, "first": 8, "last": 16, "elapsed_seconds": 0.0403154157102108, "allocated_bytes": 1397842432}
{"event": "chunk", "n": 513, "first": 16, "last": 24, "elapsed_seconds": 0.0601845420897007, "allocated_bytes": 1397842432}
{"event": "chunk", "n": 513, "first": 24, "last": 32, "elapsed_seconds": 0.08006038144230843, "allocated_bytes": 1397842432}
{"event": "chunk", "n": 513, "first": 32, "last": 40, "elapsed_seconds": 0.0998927466571331, "allocated_bytes": 1397842432}
{"event": "chunk", "n": 513, "first": 40, "last": 48, "elapsed_seconds": 0.11959782987833023, "allocated_bytes": 1397842432}
{"event": "chunk", "n": 513, "first": 48, "last": 56, "elapsed_seconds": 0.13927290588617325, "allocated_bytes": 1397842432}
{"event": "chunk", "n": 513, "first": 56, "last": 64, "elapsed_seconds": 0.1590883657336235, "allocated_bytes": 1397842432}
{"event": "chunk", "n": 513, "first": 64, "last": 72, "elapsed_seconds": 0.1789051666855812, "allocated_bytes": 1397842432}
{"event": "chunk", "n": 513, "first": 72, "last": 80, "elapsed_seconds": 0.19874554127454758, "allocated_bytes": 1397842432}
{"event": "chunk", "n": 513, "first": 80, "last": 88, "elapsed_seconds": 0.21857483312487602, "allocated_bytes": 1397842432}
{"event": "chunk", "n": 513, "first": 88, "last": 96, "elapsed_seconds": 0.23842883110046387, "allocated_bytes": 1397842432}
{"event": "chunk", "n": 513, "first": 96, "last": 104, "elapsed_seconds": 0.2581748627126217, "allocated_bytes": 1397842432}
{"event": "chunk", "n": 513, "first": 104, "last": 112, "elapsed_seconds": 0.2780015468597412, "allocated_bytes": 1397842432}
{"event": "chunk", "n": 513, "first": 112, "last": 120, "elapsed_seconds": 0.2978343106806278, "allocated_bytes": 1397842432}
{"event": "chunk", "n": 513, "first": 120, "last": 128, "elapsed_seconds": 0.3176794648170471, "allocated_bytes": 1397842432}
{"event": "chunk", "n": 513, "first": 128, "last": 136, "elapsed_seconds": 0.33749403804540634, "allocated_bytes": 1397842432}
{"event": "chunk", "n": 513, "first": 136, "last": 144, "elapsed_seconds": 0.35729583725333214, "allocated_bytes": 1397842432}
{"event": "chunk", "n": 513, "first": 144, "last": 152, "elapsed_seconds": 0.37712403014302254, "allocated_bytes": 1397842432}
{"event": "chunk", "n": 513, "first": 152, "last": 160, "elapsed_seconds": 0.396931704133749, "allocated_bytes": 1397842432}
{"event": "chunk", "n": 513, "first": 160, "last": 168, "elapsed_seconds": 0.4167543016374111, "allocated_bytes": 1397842432}
{"event": "chunk", "n": 513, "first": 168, "last": 176, "elapsed_seconds": 0.43657975643873215, "allocated_bytes": 1397842432}
{"event": "chunk", "n": 513, "first": 176, "last": 184, "elapsed_seconds": 0.4564029797911644, "allocated_bytes": 1397842432}
{"event": "chunk", "n": 513, "first": 184, "last": 192, "elapsed_seconds": 0.4762082099914551, "allocated_bytes": 1397842432}
{"event": "chunk", "n": 513, "first": 192, "last": 200, "elapsed_seconds": 0.4960206635296345, "allocated_bytes": 1397842432}
{"event": "chunk", "n": 513, "first": 200, "last": 208, "elapsed_seconds": 0.5156881473958492, "allocated_bytes": 1397842432}
{"event": "chunk", "n": 513, "first": 208, "last": 216, "elapsed_seconds": 0.5353340096771717, "allocated_bytes": 1397842432}
{"event": "chunk", "n": 513, "first": 216, "last": 224, "elapsed_seconds": 0.5551102049648762, "allocated_bytes": 1397842432}
{"event": "chunk", "n": 513, "first": 224, "last": 232, "elapsed_seconds": 0.5749198421835899, "allocated_bytes": 1397842432}
{"event": "chunk", "n": 513, "first": 232, "last": 240, "elapsed_seconds": 0.5947269275784492, "allocated_bytes": 1397842432}
{"event": "chunk", "n": 513, "first": 240, "last": 248, "elapsed_seconds": 0.6145045422017574, "allocated_bytes": 1397842432}
{"event": "chunk", "n": 513, "first": 248, "last": 256, "elapsed_seconds": 0.6343537159264088, "allocated_bytes": 1397842432}
{"event": "chunk", "n": 513, "first": 256, "last": 264, "elapsed_seconds": 0.6541711166501045, "allocated_bytes": 1397842432}
{"event": "chunk", "n": 513, "first": 264, "last": 272, "elapsed_seconds": 0.6741505190730095, "allocated_bytes": 1397842432}
{"event": "chunk", "n": 513, "first": 272, "last": 280, "elapsed_seconds": 0.6939563378691673, "allocated_bytes": 1397842432}
{"event": "chunk", "n": 513, "first": 280, "last": 288, "elapsed_seconds": 0.7139315642416477, "allocated_bytes": 1397842432}
{"event": "chunk", "n": 513, "first": 288, "last": 296, "elapsed_seconds": 0.7335831820964813, "allocated_bytes": 1397842432}
{"event": "chunk", "n": 513, "first": 296, "last": 304, "elapsed_seconds": 0.7533857151865959, "allocated_bytes": 1397842432}
{"event": "chunk", "n": 513, "first": 304, "last": 312, "elapsed_seconds": 0.7731761112809181, "allocated_bytes": 1397842432}
{"event": "chunk", "n": 513, "first": 312, "last": 320, "elapsed_seconds": 0.7933782301843166, "allocated_bytes": 1397842432}
{"event": "chunk", "n": 513, "first": 320, "last": 328, "elapsed_seconds": 0.8131796084344387, "allocated_bytes": 1397842432}
{"event": "chunk", "n": 513, "first": 328, "last": 336, "elapsed_seconds": 0.8329831399023533, "allocated_bytes": 1397842432}
{"event": "chunk", "n": 513, "first": 336, "last": 344, "elapsed_seconds": 0.8527932874858379, "allocated_bytes": 1397842432}
{"event": "chunk", "n": 513, "first": 344, "last": 352, "elapsed_seconds": 0.8726180046796799, "allocated_bytes": 1397842432}
{"event": "chunk", "n": 513, "first": 352, "last": 360, "elapsed_seconds": 0.8924384266138077, "allocated_bytes": 1397842432}
{"event": "chunk", "n": 513, "first": 360, "last": 368, "elapsed_seconds": 0.9121134132146835, "allocated_bytes": 1397842432}
{"event": "chunk", "n": 513, "first": 368, "last": 376, "elapsed_seconds": 0.9319108128547668, "allocated_bytes": 1397842432}
{"event": "chunk", "n": 513, "first": 376, "last": 384, "elapsed_seconds": 0.9516798667609692, "allocated_bytes": 1397842432}
{"event": "chunk", "n": 513, "first": 384, "last": 392, "elapsed_seconds": 0.9714799597859383, "allocated_bytes": 1397842432}
{"event": "chunk", "n": 513, "first": 392, "last": 400, "elapsed_seconds": 0.9913908615708351, "allocated_bytes": 1397842432}
{"event": "chunk", "n": 513, "first": 400, "last": 408, "elapsed_seconds": 1.011175375431776, "allocated_bytes": 1397842432}
{"event": "chunk", "n": 513, "first": 408, "last": 416, "elapsed_seconds": 1.0311095751821995, "allocated_bytes": 1397842432}
{"event": "chunk", "n": 513, "first": 416, "last": 424, "elapsed_seconds": 1.0509058833122253, "allocated_bytes": 1397842432}
{"event": "chunk", "n": 513, "first": 424, "last": 432, "elapsed_seconds": 1.0707181096076965, "allocated_bytes": 1397842432}
{"event": "chunk", "n": 513, "first": 432, "last": 440, "elapsed_seconds": 1.0904214605689049, "allocated_bytes": 1397842432}
{"event": "chunk", "n": 513, "first": 440, "last": 448, "elapsed_seconds": 1.1102239713072777, "allocated_bytes": 1397842432}
{"event": "chunk", "n": 513, "first": 448, "last": 456, "elapsed_seconds": 1.1300203502178192, "allocated_bytes": 1397842432}
{"event": "chunk", "n": 513, "first": 456, "last": 464, "elapsed_seconds": 1.1499791257083416, "allocated_bytes": 1397842432}
{"event": "chunk", "n": 513, "first": 464, "last": 472, "elapsed_seconds": 1.1697425357997417, "allocated_bytes": 1397842432}
{"event": "chunk", "n": 513, "first": 472, "last": 480, "elapsed_seconds": 1.1897051073610783, "allocated_bytes": 1397842432}
{"event": "chunk", "n": 513, "first": 480, "last": 488, "elapsed_seconds": 1.2098976448178291, "allocated_bytes": 1397842432}
{"event": "chunk", "n": 513, "first": 488, "last": 496, "elapsed_seconds": 1.2297403924167156, "allocated_bytes": 1397842432}
{"event": "chunk", "n": 513, "first": 496, "last": 504, "elapsed_seconds": 1.2495680414140224, "allocated_bytes": 1397842432}
{"event": "chunk", "n": 513, "first": 504, "last": 512, "elapsed_seconds": 1.269375465810299, "allocated_bytes": 1397842432}
{"event": "chunk", "n": 513, "first": 512, "last": 513, "elapsed_seconds": 1.2736593522131443, "allocated_bytes": 1232114688}
{"event": "case", "n": 513, "dtype": "torch.bfloat16", "dim": 32, "checks": {"output": {"relative_l2": 0.0018711386797351558, "max_abs": 0.007694711571126778, "zero_max_abs": 0.0, "rounded_zero_reference_max_abs": 0.0, "finite": true, "passed": true}, "dq": {"relative_l2": 0.002447432193567859, "max_abs": 0.014031788778891663, "zero_max_abs": 0.0, "rounded_zero_reference_max_abs": 0.0, "finite": true, "passed": true}, "dk": {"relative_l2": 0.00236992215142702, "max_abs": 0.01440904815734756, "zero_max_abs": 0.0, "rounded_zero_reference_max_abs": 0.0, "finite": true, "passed": true}, "dv": {"relative_l2": 0.0022883892488284588, "max_abs": 0.1248321533203125, "zero_max_abs": 0.0, "rounded_zero_reference_max_abs": 7.145104984960528e-05, "finite": true, "passed": true}, "db": {"relative_l2": 0.0016981292885153616, "max_abs": 0.06404915485949658, "zero_max_abs": 0.0, "rounded_zero_reference_max_abs": 0.0, "finite": true, "passed": true}}, "passed": true, "candidate_seconds": 18.962376579642296, "reference_seconds": 1.274537455290556, "candidate_peak_allocated_bytes": 1687791616, "total_peak_allocated_bytes": 1919969280, "peak_reserved_bytes": 2373976064}
{"event": "chunk", "n": 800, "first": 0, "last": 8, "elapsed_seconds": 0.038019198924303055, "allocated_bytes": 3251979264}
{"event": "chunk", "n": 800, "first": 8, "last": 16, "elapsed_seconds": 0.07654711604118347, "allocated_bytes": 3251979264}
{"event": "chunk", "n": 800, "first": 16, "last": 24, "elapsed_seconds": 0.11508796736598015, "allocated_bytes": 3251979264}
{"event": "chunk", "n": 800, "first": 24, "last": 32, "elapsed_seconds": 0.1536443904042244, "allocated_bytes": 3251979264}
{"event": "chunk", "n": 800, "first": 32, "last": 40, "elapsed_seconds": 0.19219468906521797, "allocated_bytes": 3251979264}
{"event": "chunk", "n": 800, "first": 40, "last": 48, "elapsed_seconds": 0.23070091381669044, "allocated_bytes": 3251979264}
{"event": "chunk", "n": 800, "first": 48, "last": 56, "elapsed_seconds": 0.2692040726542473, "allocated_bytes": 3251979264}
{"event": "chunk", "n": 800, "first": 56, "last": 64, "elapsed_seconds": 0.3077044039964676, "allocated_bytes": 3251979264}
{"event": "chunk", "n": 800, "first": 64, "last": 72, "elapsed_seconds": 0.3462248221039772, "allocated_bytes": 3251979264}
{"event": "chunk", "n": 800, "first": 72, "last": 80, "elapsed_seconds": 0.38474225252866745, "allocated_bytes": 3251979264}
{"event": "chunk", "n": 800, "first": 80, "last": 88, "elapsed_seconds": 0.4232240803539753, "allocated_bytes": 3251979264}
{"event": "chunk", "n": 800, "first": 88, "last": 96, "elapsed_seconds": 0.46172043681144714, "allocated_bytes": 3251979264}
{"event": "chunk", "n": 800, "first": 96, "last": 104, "elapsed_seconds": 0.5005988292396069, "allocated_bytes": 3251979264}
{"event": "chunk", "n": 800, "first": 104, "last": 112, "elapsed_seconds": 0.5391345396637917, "allocated_bytes": 3251979264}
{"event": "chunk", "n": 800, "first": 112, "last": 120, "elapsed_seconds": 0.5776720494031906, "allocated_bytes": 3251979264}
{"event": "chunk", "n": 800, "first": 120, "last": 128, "elapsed_seconds": 0.6161977872252464, "allocated_bytes": 3251979264}
{"event": "chunk", "n": 800, "first": 128, "last": 136, "elapsed_seconds": 0.6546944230794907, "allocated_bytes": 3251979264}
{"event": "chunk", "n": 800, "first": 136, "last": 144, "elapsed_seconds": 0.6932068057358265, "allocated_bytes": 3251979264}
{"event": "chunk", "n": 800, "first": 144, "last": 152, "elapsed_seconds": 0.7317483983933926, "allocated_bytes": 3251979264}
{"event": "chunk", "n": 800, "first": 152, "last": 160, "elapsed_seconds": 0.7702437750995159, "allocated_bytes": 3251979264}
{"event": "chunk", "n": 800, "first": 160, "last": 168, "elapsed_seconds": 0.8087574020028114, "allocated_bytes": 3251979264}
{"event": "chunk", "n": 800, "first": 168, "last": 176, "elapsed_seconds": 0.8472758233547211, "allocated_bytes": 3251979264}
{"event": "chunk", "n": 800, "first": 176, "last": 184, "elapsed_seconds": 0.8857765607535839, "allocated_bytes": 3251979264}
{"event": "chunk", "n": 800, "first": 184, "last": 192, "elapsed_seconds": 0.9243004843592644, "allocated_bytes": 3251979264}
{"event": "chunk", "n": 800, "first": 192, "last": 200, "elapsed_seconds": 0.9628262482583523, "allocated_bytes": 3251979264}
{"event": "chunk", "n": 800, "first": 200, "last": 208, "elapsed_seconds": 1.0013677962124348, "allocated_bytes": 3251979264}
{"event": "chunk", "n": 800, "first": 208, "last": 216, "elapsed_seconds": 1.0398811772465706, "allocated_bytes": 3251979264}
{"event": "chunk", "n": 800, "first": 216, "last": 224, "elapsed_seconds": 1.0783740878105164, "allocated_bytes": 3251979264}
{"event": "chunk", "n": 800, "first": 224, "last": 232, "elapsed_seconds": 1.1169139295816422, "allocated_bytes": 3251979264}
{"event": "chunk", "n": 800, "first": 232, "last": 240, "elapsed_seconds": 1.1554604396224022, "allocated_bytes": 3251979264}
{"event": "chunk", "n": 800, "first": 240, "last": 248, "elapsed_seconds": 1.1939790956676006, "allocated_bytes": 3251979264}
{"event": "chunk", "n": 800, "first": 248, "last": 256, "elapsed_seconds": 1.2324855253100395, "allocated_bytes": 3251979264}
{"event": "chunk", "n": 800, "first": 256, "last": 264, "elapsed_seconds": 1.2709888890385628, "allocated_bytes": 3251979264}
{"event": "chunk", "n": 800, "first": 264, "last": 272, "elapsed_seconds": 1.309908501803875, "allocated_bytes": 3251979264}
{"event": "chunk", "n": 800, "first": 272, "last": 280, "elapsed_seconds": 1.3484622091054916, "allocated_bytes": 3251979264}
{"event": "chunk", "n": 800, "first": 280, "last": 288, "elapsed_seconds": 1.3870063871145248, "allocated_bytes": 3251979264}
{"event": "chunk", "n": 800, "first": 288, "last": 296, "elapsed_seconds": 1.4254973605275154, "allocated_bytes": 3251979264}
{"event": "chunk", "n": 800, "first": 296, "last": 304, "elapsed_seconds": 1.464008778333664, "allocated_bytes": 3251979264}
{"event": "chunk", "n": 800, "first": 304, "last": 312, "elapsed_seconds": 1.5025019980967045, "allocated_bytes": 3251979264}
{"event": "chunk", "n": 800, "first": 312, "last": 320, "elapsed_seconds": 1.5410577990114689, "allocated_bytes": 3251979264}
{"event": "chunk", "n": 800, "first": 320, "last": 328, "elapsed_seconds": 1.5795676484704018, "allocated_bytes": 3251979264}
{"event": "chunk", "n": 800, "first": 328, "last": 336, "elapsed_seconds": 1.618094276636839, "allocated_bytes": 3251979264}
{"event": "chunk", "n": 800, "first": 336, "last": 344, "elapsed_seconds": 1.6566141992807388, "allocated_bytes": 3251979264}
{"event": "chunk", "n": 800, "first": 344, "last": 352, "elapsed_seconds": 1.6951196230947971, "allocated_bytes": 3251979264}
{"event": "chunk", "n": 800, "first": 352, "last": 360, "elapsed_seconds": 1.7336480654776096, "allocated_bytes": 3251979264}
{"event": "chunk", "n": 800, "first": 360, "last": 368, "elapsed_seconds": 1.7721583135426044, "allocated_bytes": 3251979264}
{"event": "chunk", "n": 800, "first": 368, "last": 376, "elapsed_seconds": 1.8106988966464996, "allocated_bytes": 3251979264}
{"event": "chunk", "n": 800, "first": 376, "last": 384, "elapsed_seconds": 1.8492074236273766, "allocated_bytes": 3251979264}
{"event": "chunk", "n": 800, "first": 384, "last": 392, "elapsed_seconds": 1.8879248015582561, "allocated_bytes": 3251979264}
{"event": "chunk", "n": 800, "first": 392, "last": 400, "elapsed_seconds": 1.9268320985138416, "allocated_bytes": 3251979264}
{"event": "chunk", "n": 800, "first": 400, "last": 408, "elapsed_seconds": 1.9654061831533909, "allocated_bytes": 3251979264}
{"event": "chunk", "n": 800, "first": 408, "last": 416, "elapsed_seconds": 2.003951884806156, "allocated_bytes": 3251979264}
{"event": "chunk", "n": 800, "first": 416, "last": 424, "elapsed_seconds": 2.0424926578998566, "allocated_bytes": 3251979264}
{"event": "chunk", "n": 800, "first": 424, "last": 432, "elapsed_seconds": 2.08106791973114, "allocated_bytes": 3251979264}
{"event": "chunk", "n": 800, "first": 432, "last": 440, "elapsed_seconds": 2.119619455188513, "allocated_bytes": 3251979264}
{"event": "chunk", "n": 800, "first": 440, "last": 448, "elapsed_seconds": 2.1581719294190407, "allocated_bytes": 3251979264}
{"event": "chunk", "n": 800, "first": 448, "last": 456, "elapsed_seconds": 2.196730736643076, "allocated_bytes": 3251979264}
{"event": "chunk", "n": 800, "first": 456, "last": 464, "elapsed_seconds": 2.235263966023922, "allocated_bytes": 3251979264}
{"event": "chunk", "n": 800, "first": 464, "last": 472, "elapsed_seconds": 2.273785777390003, "allocated_bytes": 3251979264}
{"event": "chunk", "n": 800, "first": 472, "last": 480, "elapsed_seconds": 2.312346376478672, "allocated_bytes": 3251979264}
{"event": "chunk", "n": 800, "first": 480, "last": 488, "elapsed_seconds": 2.3508682884275913, "allocated_bytes": 3251979264}
{"event": "chunk", "n": 800, "first": 488, "last": 496, "elapsed_seconds": 2.3893964663147926, "allocated_bytes": 3251979264}
{"event": "chunk", "n": 800, "first": 496, "last": 504, "elapsed_seconds": 2.4279183074831963, "allocated_bytes": 3251979264}
{"event": "chunk", "n": 800, "first": 504, "last": 512, "elapsed_seconds": 2.4664399474859238, "allocated_bytes": 3251979264}
{"event": "chunk", "n": 800, "first": 512, "last": 520, "elapsed_seconds": 2.5049785785377026, "allocated_bytes": 3251979264}
{"event": "chunk", "n": 800, "first": 520, "last": 528, "elapsed_seconds": 2.543635241687298, "allocated_bytes": 3251979264}
{"event": "chunk", "n": 800, "first": 528, "last": 536, "elapsed_seconds": 2.582186806946993, "allocated_bytes": 3251979264}
{"event": "chunk", "n": 800, "first": 536, "last": 544, "elapsed_seconds": 2.620724979788065, "allocated_bytes": 3251979264}
{"event": "chunk", "n": 800, "first": 544, "last": 552, "elapsed_seconds": 2.65923360735178, "allocated_bytes": 3251979264}
{"event": "chunk", "n": 800, "first": 552, "last": 560, "elapsed_seconds": 2.697746407240629, "allocated_bytes": 3251979264}
{"event": "chunk", "n": 800, "first": 560, "last": 568, "elapsed_seconds": 2.7362910360097885, "allocated_bytes": 3251979264}
{"event": "chunk", "n": 800, "first": 568, "last": 576, "elapsed_seconds": 2.774831973016262, "allocated_bytes": 3251979264}
{"event": "chunk", "n": 800, "first": 576, "last": 584, "elapsed_seconds": 2.8133592158555984, "allocated_bytes": 3251979264}
{"event": "chunk", "n": 800, "first": 584, "last": 592, "elapsed_seconds": 2.8518951050937176, "allocated_bytes": 3251979264}
{"event": "chunk", "n": 800, "first": 592, "last": 600, "elapsed_seconds": 2.8908311799168587, "allocated_bytes": 3251979264}
{"event": "chunk", "n": 800, "first": 600, "last": 608, "elapsed_seconds": 2.9293800555169582, "allocated_bytes": 3251979264}
{"event": "chunk", "n": 800, "first": 608, "last": 616, "elapsed_seconds": 2.96793008223176, "allocated_bytes": 3251979264}
{"event": "chunk", "n": 800, "first": 616, "last": 624, "elapsed_seconds": 3.0064880773425102, "allocated_bytes": 3251979264}
{"event": "chunk", "n": 800, "first": 624, "last": 632, "elapsed_seconds": 3.045010607689619, "allocated_bytes": 3251979264}
{"event": "chunk", "n": 800, "first": 632, "last": 640, "elapsed_seconds": 3.0835332795977592, "allocated_bytes": 3251979264}
{"event": "chunk", "n": 800, "first": 640, "last": 648, "elapsed_seconds": 3.122073605656624, "allocated_bytes": 3251979264}
{"event": "chunk", "n": 800, "first": 648, "last": 656, "elapsed_seconds": 3.160617593675852, "allocated_bytes": 3251979264}
{"event": "chunk", "n": 800, "first": 656, "last": 664, "elapsed_seconds": 3.1991457380354404, "allocated_bytes": 3251979264}
{"event": "chunk", "n": 800, "first": 664, "last": 672, "elapsed_seconds": 3.237643323838711, "allocated_bytes": 3251979264}
{"event": "chunk", "n": 800, "first": 672, "last": 680, "elapsed_seconds": 3.2761579044163227, "allocated_bytes": 3251979264}
{"event": "chunk", "n": 800, "first": 680, "last": 688, "elapsed_seconds": 3.314689017832279, "allocated_bytes": 3251979264}
{"event": "chunk", "n": 800, "first": 688, "last": 696, "elapsed_seconds": 3.3532190583646297, "allocated_bytes": 3251979264}
{"event": "chunk", "n": 800, "first": 696, "last": 704, "elapsed_seconds": 3.391756344586611, "allocated_bytes": 3251979264}
{"event": "chunk", "n": 800, "first": 704, "last": 712, "elapsed_seconds": 3.430256314575672, "allocated_bytes": 3251979264}
{"event": "chunk", "n": 800, "first": 712, "last": 720, "elapsed_seconds": 3.4687665216624737, "allocated_bytes": 3251979264}
{"event": "chunk", "n": 800, "first": 720, "last": 728, "elapsed_seconds": 3.507274005562067, "allocated_bytes": 3251979264}
{"event": "chunk", "n": 800, "first": 728, "last": 736, "elapsed_seconds": 3.5458542816340923, "allocated_bytes": 3251979264}
{"event": "chunk", "n": 800, "first": 736, "last": 744, "elapsed_seconds": 3.5844017937779427, "allocated_bytes": 3251979264}
{"event": "chunk", "n": 800, "first": 744, "last": 752, "elapsed_seconds": 3.6229310408234596, "allocated_bytes": 3251979264}
{"event": "chunk", "n": 800, "first": 752, "last": 760, "elapsed_seconds": 3.66152723133564, "allocated_bytes": 3251979264}
{"event": "chunk", "n": 800, "first": 760, "last": 768, "elapsed_seconds": 3.7012536972761154, "allocated_bytes": 3251979264}
{"event": "chunk", "n": 800, "first": 768, "last": 776, "elapsed_seconds": 3.7397819459438324, "allocated_bytes": 3251979264}
{"event": "chunk", "n": 800, "first": 776, "last": 784, "elapsed_seconds": 3.778498388826847, "allocated_bytes": 3251979264}
{"event": "chunk", "n": 800, "first": 784, "last": 792, "elapsed_seconds": 3.8171675838530064, "allocated_bytes": 3251979264}
{"event": "chunk", "n": 800, "first": 792, "last": 800, "elapsed_seconds": 3.8556949757039547, "allocated_bytes": 3251979264}
{"event": "case", "n": 800, "dtype": "torch.bfloat16", "dim": 32, "checks": {"output": {"relative_l2": 0.0019290983069481093, "max_abs": 0.007779596312533332, "zero_max_abs": 0.0, "rounded_zero_reference_max_abs": 0.00014742835348304032, "finite": true, "passed": true}, "dq": {"relative_l2": 0.0024413224484820077, "max_abs": 0.013750393359088786, "zero_max_abs": 0.0, "rounded_zero_reference_max_abs": 0.0001564938346093889, "finite": true, "passed": true}, "dk": {"relative_l2": 0.0023625814020215106, "max_abs": 0.014687289134654335, "zero_max_abs": 0.0, "rounded_zero_reference_max_abs": 0.0, "finite": true, "passed": true}, "dv": {"relative_l2": 0.0022958736252239056, "max_abs": 0.2041015625, "zero_max_abs": 0.0, "rounded_zero_reference_max_abs": 0.0, "finite": true, "passed": true}, "db": {"relative_l2": 0.0016818170791696356, "max_abs": 0.059746108795103225, "zero_max_abs": 0.0, "rounded_zero_reference_max_abs": 0.0, "finite": true, "passed": true}}, "passed": true, "candidate_seconds": 0.03294341266155243, "reference_seconds": 3.8569602482020855, "candidate_peak_allocated_bytes": 3243812864, "total_peak_allocated_bytes": 4521739264, "peak_reserved_bytes": 4617928704}
{"event": "chunk", "n": 1024, "first": 0, "last": 8, "elapsed_seconds": 0.05844849348068237, "allocated_bytes": 5252317184}
{"event": "chunk", "n": 1024, "first": 8, "last": 16, "elapsed_seconds": 0.11755137518048286, "allocated_bytes": 5252317184}
{"event": "chunk", "n": 1024, "first": 16, "last": 24, "elapsed_seconds": 0.17662067338824272, "allocated_bytes": 5252317184}
{"event": "chunk", "n": 1024, "first": 24, "last": 32, "elapsed_seconds": 0.23573315143585205, "allocated_bytes": 5252317184}
{"event": "chunk", "n": 1024, "first": 32, "last": 40, "elapsed_seconds": 0.29480498284101486, "allocated_bytes": 5252317184}
{"event": "chunk", "n": 1024, "first": 40, "last": 48, "elapsed_seconds": 0.3538794070482254, "allocated_bytes": 5252317184}
{"event": "chunk", "n": 1024, "first": 48, "last": 56, "elapsed_seconds": 0.41295984759926796, "allocated_bytes": 5252317184}
{"event": "chunk", "n": 1024, "first": 56, "last": 64, "elapsed_seconds": 0.47205569967627525, "allocated_bytes": 5252317184}
{"event": "chunk", "n": 1024, "first": 64, "last": 72, "elapsed_seconds": 0.5311470627784729, "allocated_bytes": 5252317184}
{"event": "chunk", "n": 1024, "first": 72, "last": 80, "elapsed_seconds": 0.5902631990611553, "allocated_bytes": 5252317184}
{"event": "chunk", "n": 1024, "first": 80, "last": 88, "elapsed_seconds": 0.6493735499680042, "allocated_bytes": 5252317184}
{"event": "chunk", "n": 1024, "first": 88, "last": 96, "elapsed_seconds": 0.7084464803338051, "allocated_bytes": 5252317184}
{"event": "chunk", "n": 1024, "first": 96, "last": 104, "elapsed_seconds": 0.7679237239062786, "allocated_bytes": 5252317184}
{"event": "chunk", "n": 1024, "first": 104, "last": 112, "elapsed_seconds": 0.8270401731133461, "allocated_bytes": 5252317184}
{"event": "chunk", "n": 1024, "first": 112, "last": 120, "elapsed_seconds": 0.8861831277608871, "allocated_bytes": 5252317184}
{"event": "chunk", "n": 1024, "first": 120, "last": 128, "elapsed_seconds": 0.9452694803476334, "allocated_bytes": 5252317184}
{"event": "chunk", "n": 1024, "first": 128, "last": 136, "elapsed_seconds": 1.0043716728687286, "allocated_bytes": 5252317184}
{"event": "chunk", "n": 1024, "first": 136, "last": 144, "elapsed_seconds": 1.0634717382490635, "allocated_bytes": 5252317184}
{"event": "chunk", "n": 1024, "first": 144, "last": 152, "elapsed_seconds": 1.1225912608206272, "allocated_bytes": 5252317184}
{"event": "chunk", "n": 1024, "first": 152, "last": 160, "elapsed_seconds": 1.1817026622593403, "allocated_bytes": 5252317184}
{"event": "chunk", "n": 1024, "first": 160, "last": 168, "elapsed_seconds": 1.2407989390194416, "allocated_bytes": 5252317184}
{"event": "chunk", "n": 1024, "first": 168, "last": 176, "elapsed_seconds": 1.2998810037970543, "allocated_bytes": 5252317184}
{"event": "chunk", "n": 1024, "first": 176, "last": 184, "elapsed_seconds": 1.3589797131717205, "allocated_bytes": 5252317184}
{"event": "chunk", "n": 1024, "first": 184, "last": 192, "elapsed_seconds": 1.4180818870663643, "allocated_bytes": 5252317184}
{"event": "chunk", "n": 1024, "first": 192, "last": 200, "elapsed_seconds": 1.4772013686597347, "allocated_bytes": 5252317184}
{"event": "chunk", "n": 1024, "first": 200, "last": 208, "elapsed_seconds": 1.536301176995039, "allocated_bytes": 5252317184}
{"event": "chunk", "n": 1024, "first": 208, "last": 216, "elapsed_seconds": 1.5953977033495903, "allocated_bytes": 5252317184}
{"event": "chunk", "n": 1024, "first": 216, "last": 224, "elapsed_seconds": 1.6545172519981861, "allocated_bytes": 5252317184}
{"event": "chunk", "n": 1024, "first": 224, "last": 232, "elapsed_seconds": 1.71360756829381, "allocated_bytes": 5252317184}
{"event": "chunk", "n": 1024, "first": 232, "last": 240, "elapsed_seconds": 1.7726900726556778, "allocated_bytes": 5252317184}
{"event": "chunk", "n": 1024, "first": 240, "last": 248, "elapsed_seconds": 1.8318038433790207, "allocated_bytes": 5252317184}
{"event": "chunk", "n": 1024, "first": 248, "last": 256, "elapsed_seconds": 1.8909020349383354, "allocated_bytes": 5252317184}
{"event": "chunk", "n": 1024, "first": 256, "last": 264, "elapsed_seconds": 1.949979804456234, "allocated_bytes": 5252317184}
{"event": "chunk", "n": 1024, "first": 264, "last": 272, "elapsed_seconds": 2.0094750225543976, "allocated_bytes": 5252317184}
{"event": "chunk", "n": 1024, "first": 272, "last": 280, "elapsed_seconds": 2.068571824580431, "allocated_bytes": 5252317184}
{"event": "chunk", "n": 1024, "first": 280, "last": 288, "elapsed_seconds": 2.127657074481249, "allocated_bytes": 5252317184}
{"event": "chunk", "n": 1024, "first": 288, "last": 296, "elapsed_seconds": 2.1867429688572884, "allocated_bytes": 5252317184}
{"event": "chunk", "n": 1024, "first": 296, "last": 304, "elapsed_seconds": 2.245819568634033, "allocated_bytes": 5252317184}
{"event": "chunk", "n": 1024, "first": 304, "last": 312, "elapsed_seconds": 2.3051268346607685, "allocated_bytes": 5252317184}
{"event": "chunk", "n": 1024, "first": 312, "last": 320, "elapsed_seconds": 2.3643570318818092, "allocated_bytes": 5252317184}
{"event": "chunk", "n": 1024, "first": 320, "last": 328, "elapsed_seconds": 2.4234561175107956, "allocated_bytes": 5252317184}
{"event": "chunk", "n": 1024, "first": 328, "last": 336, "elapsed_seconds": 2.482576884329319, "allocated_bytes": 5252317184}
{"event": "chunk", "n": 1024, "first": 336, "last": 344, "elapsed_seconds": 2.5416515059769154, "allocated_bytes": 5252317184}
{"event": "chunk", "n": 1024, "first": 344, "last": 352, "elapsed_seconds": 2.6007295176386833, "allocated_bytes": 5252317184}
{"event": "chunk", "n": 1024, "first": 352, "last": 360, "elapsed_seconds": 2.65985044836998, "allocated_bytes": 5252317184}
{"event": "chunk", "n": 1024, "first": 360, "last": 368, "elapsed_seconds": 2.718921724706888, "allocated_bytes": 5252317184}
{"event": "chunk", "n": 1024, "first": 368, "last": 376, "elapsed_seconds": 2.7780576199293137, "allocated_bytes": 5252317184}
{"event": "chunk", "n": 1024, "first": 376, "last": 384, "elapsed_seconds": 2.8371653333306313, "allocated_bytes": 5252317184}
{"event": "chunk", "n": 1024, "first": 384, "last": 392, "elapsed_seconds": 2.8962605372071266, "allocated_bytes": 5252317184}
{"event": "chunk", "n": 1024, "first": 392, "last": 400, "elapsed_seconds": 2.9553461484611034, "allocated_bytes": 5252317184}
{"event": "chunk", "n": 1024, "first": 400, "last": 408, "elapsed_seconds": 3.0144659020006657, "allocated_bytes": 5252317184}
{"event": "chunk", "n": 1024, "first": 408, "last": 416, "elapsed_seconds": 3.0735418647527695, "allocated_bytes": 5252317184}
{"event": "chunk", "n": 1024, "first": 416, "last": 424, "elapsed_seconds": 3.1326037608087063, "allocated_bytes": 5252317184}
{"event": "chunk", "n": 1024, "first": 424, "last": 432, "elapsed_seconds": 3.191678550094366, "allocated_bytes": 5252317184}
{"event": "chunk", "n": 1024, "first": 432, "last": 440, "elapsed_seconds": 3.2511686757206917, "allocated_bytes": 5252317184}
{"event": "chunk", "n": 1024, "first": 440, "last": 448, "elapsed_seconds": 3.310243658721447, "allocated_bytes": 5252317184}
{"event": "chunk", "n": 1024, "first": 448, "last": 456, "elapsed_seconds": 3.369345497339964, "allocated_bytes": 5252317184}
{"event": "chunk", "n": 1024, "first": 456, "last": 464, "elapsed_seconds": 3.428489960730076, "allocated_bytes": 5252317184}
{"event": "chunk", "n": 1024, "first": 464, "last": 472, "elapsed_seconds": 3.4876902736723423, "allocated_bytes": 5252317184}
{"event": "chunk", "n": 1024, "first": 472, "last": 480, "elapsed_seconds": 3.5468194484710693, "allocated_bytes": 5252317184}
{"event": "chunk", "n": 1024, "first": 480, "last": 488, "elapsed_seconds": 3.6058996729552746, "allocated_bytes": 5252317184}
{"event": "chunk", "n": 1024, "first": 488, "last": 496, "elapsed_seconds": 3.6649966686964035, "allocated_bytes": 5252317184}
{"event": "chunk", "n": 1024, "first": 496, "last": 504, "elapsed_seconds": 3.7240611985325813, "allocated_bytes": 5252317184}
{"event": "chunk", "n": 1024, "first": 504, "last": 512, "elapsed_seconds": 3.783136822283268, "allocated_bytes": 5252317184}
{"event": "chunk", "n": 1024, "first": 512, "last": 520, "elapsed_seconds": 3.842218641191721, "allocated_bytes": 5252317184}
{"event": "chunk", "n": 1024, "first": 520, "last": 528, "elapsed_seconds": 3.901318311691284, "allocated_bytes": 5252317184}
{"event": "chunk", "n": 1024, "first": 528, "last": 536, "elapsed_seconds": 3.9604224115610123, "allocated_bytes": 5252317184}
{"event": "chunk", "n": 1024, "first": 536, "last": 544, "elapsed_seconds": 4.0195039585232735, "allocated_bytes": 5252317184}
{"event": "chunk", "n": 1024, "first": 544, "last": 552, "elapsed_seconds": 4.078611597418785, "allocated_bytes": 5252317184}
{"event": "chunk", "n": 1024, "first": 552, "last": 560, "elapsed_seconds": 4.137682169675827, "allocated_bytes": 5252317184}
{"event": "chunk", "n": 1024, "first": 560, "last": 568, "elapsed_seconds": 4.196754518896341, "allocated_bytes": 5252317184}
{"event": "chunk", "n": 1024, "first": 568, "last": 576, "elapsed_seconds": 4.255867451429367, "allocated_bytes": 5252317184}
{"event": "chunk", "n": 1024, "first": 576, "last": 584, "elapsed_seconds": 4.314958862960339, "allocated_bytes": 5252317184}
{"event": "chunk", "n": 1024, "first": 584, "last": 592, "elapsed_seconds": 4.374032359570265, "allocated_bytes": 5252317184}
{"event": "chunk", "n": 1024, "first": 592, "last": 600, "elapsed_seconds": 4.433515686541796, "allocated_bytes": 5252317184}
{"event": "chunk", "n": 1024, "first": 600, "last": 608, "elapsed_seconds": 4.492585066705942, "allocated_bytes": 5252317184}
{"event": "chunk", "n": 1024, "first": 608, "last": 616, "elapsed_seconds": 4.551656626164913, "allocated_bytes": 5252317184}
{"event": "chunk", "n": 1024, "first": 616, "last": 624, "elapsed_seconds": 4.610701870173216, "allocated_bytes": 5252317184}
{"event": "chunk", "n": 1024, "first": 624, "last": 632, "elapsed_seconds": 4.669772814959288, "allocated_bytes": 5252317184}
{"event": "chunk", "n": 1024, "first": 632, "last": 640, "elapsed_seconds": 4.7289781384170055, "allocated_bytes": 5252317184}
{"event": "chunk", "n": 1024, "first": 640, "last": 648, "elapsed_seconds": 4.788095574826002, "allocated_bytes": 5252317184}
{"event": "chunk", "n": 1024, "first": 648, "last": 656, "elapsed_seconds": 4.847191888839006, "allocated_bytes": 5252317184}
{"event": "chunk", "n": 1024, "first": 656, "last": 664, "elapsed_seconds": 4.90626884624362, "allocated_bytes": 5252317184}
{"event": "chunk", "n": 1024, "first": 664, "last": 672, "elapsed_seconds": 4.9653787314891815, "allocated_bytes": 5252317184}
{"event": "chunk", "n": 1024, "first": 672, "last": 680, "elapsed_seconds": 5.024465721100569, "allocated_bytes": 5252317184}
{"event": "chunk", "n": 1024, "first": 680, "last": 688, "elapsed_seconds": 5.083555191755295, "allocated_bytes": 5252317184}
{"event": "chunk", "n": 1024, "first": 688, "last": 696, "elapsed_seconds": 5.1426636427640915, "allocated_bytes": 5252317184}
{"event": "chunk", "n": 1024, "first": 696, "last": 704, "elapsed_seconds": 5.201746512204409, "allocated_bytes": 5252317184}
{"event": "chunk", "n": 1024, "first": 704, "last": 712, "elapsed_seconds": 5.260839745402336, "allocated_bytes": 5252317184}
{"event": "chunk", "n": 1024, "first": 712, "last": 720, "elapsed_seconds": 5.3198994398117065, "allocated_bytes": 5252317184}
{"event": "chunk", "n": 1024, "first": 720, "last": 728, "elapsed_seconds": 5.378992937505245, "allocated_bytes": 5252317184}
{"event": "chunk", "n": 1024, "first": 728, "last": 736, "elapsed_seconds": 5.4380980879068375, "allocated_bytes": 5252317184}
{"event": "chunk", "n": 1024, "first": 736, "last": 744, "elapsed_seconds": 5.497170872986317, "allocated_bytes": 5252317184}
{"event": "chunk", "n": 1024, "first": 744, "last": 752, "elapsed_seconds": 5.5562259294092655, "allocated_bytes": 5252317184}
{"event": "chunk", "n": 1024, "first": 752, "last": 760, "elapsed_seconds": 5.615330256521702, "allocated_bytes": 5252317184}
{"event": "chunk", "n": 1024, "first": 760, "last": 768, "elapsed_seconds": 5.674830447882414, "allocated_bytes": 5252317184}
{"event": "chunk", "n": 1024, "first": 768, "last": 776, "elapsed_seconds": 5.733969166874886, "allocated_bytes": 5252317184}
{"event": "chunk", "n": 1024, "first": 776, "last": 784, "elapsed_seconds": 5.793056916445494, "allocated_bytes": 5252317184}
{"event": "chunk", "n": 1024, "first": 784, "last": 792, "elapsed_seconds": 5.85213490948081, "allocated_bytes": 5252317184}
{"event": "chunk", "n": 1024, "first": 792, "last": 800, "elapsed_seconds": 5.911201950162649, "allocated_bytes": 5252317184}
{"event": "chunk", "n": 1024, "first": 800, "last": 808, "elapsed_seconds": 5.970286834985018, "allocated_bytes": 5252317184}
{"event": "chunk", "n": 1024, "first": 808, "last": 816, "elapsed_seconds": 6.029375407844782, "allocated_bytes": 5252317184}
{"event": "chunk", "n": 1024, "first": 816, "last": 824, "elapsed_seconds": 6.088485695421696, "allocated_bytes": 5252317184}
{"event": "chunk", "n": 1024, "first": 824, "last": 832, "elapsed_seconds": 6.147530157119036, "allocated_bytes": 5252317184}
{"event": "chunk", "n": 1024, "first": 832, "last": 840, "elapsed_seconds": 6.206621717661619, "allocated_bytes": 5252317184}
{"event": "chunk", "n": 1024, "first": 840, "last": 848, "elapsed_seconds": 6.265710186213255, "allocated_bytes": 5252317184}
{"event": "chunk", "n": 1024, "first": 848, "last": 856, "elapsed_seconds": 6.3248028717935085, "allocated_bytes": 5252317184}
{"event": "chunk", "n": 1024, "first": 856, "last": 864, "elapsed_seconds": 6.383912198245525, "allocated_bytes": 5252317184}
{"event": "chunk", "n": 1024, "first": 864, "last": 872, "elapsed_seconds": 6.442960295826197, "allocated_bytes": 5252317184}
{"event": "chunk", "n": 1024, "first": 872, "last": 880, "elapsed_seconds": 6.502058446407318, "allocated_bytes": 5252317184}
{"event": "chunk", "n": 1024, "first": 880, "last": 888, "elapsed_seconds": 6.561155624687672, "allocated_bytes": 5252317184}
{"event": "chunk", "n": 1024, "first": 888, "last": 896, "elapsed_seconds": 6.6202287040650845, "allocated_bytes": 5252317184}
{"event": "chunk", "n": 1024, "first": 896, "last": 904, "elapsed_seconds": 6.679371200501919, "allocated_bytes": 5252317184}
{"event": "chunk", "n": 1024, "first": 904, "last": 912, "elapsed_seconds": 6.7384727373719215, "allocated_bytes": 5252317184}
{"event": "chunk", "n": 1024, "first": 912, "last": 920, "elapsed_seconds": 6.797564346343279, "allocated_bytes": 5252317184}
{"event": "chunk", "n": 1024, "first": 920, "last": 928, "elapsed_seconds": 6.856666881591082, "allocated_bytes": 5252317184}
{"event": "chunk", "n": 1024, "first": 928, "last": 936, "elapsed_seconds": 6.91575189307332, "allocated_bytes": 5252317184}
{"event": "chunk", "n": 1024, "first": 936, "last": 944, "elapsed_seconds": 6.974833033978939, "allocated_bytes": 5252317184}
{"event": "chunk", "n": 1024, "first": 944, "last": 952, "elapsed_seconds": 7.033957663923502, "allocated_bytes": 5252317184}
{"event": "chunk", "n": 1024, "first": 952, "last": 960, "elapsed_seconds": 7.093081649392843, "allocated_bytes": 5252317184}
{"event": "chunk", "n": 1024, "first": 960, "last": 968, "elapsed_seconds": 7.152345951646566, "allocated_bytes": 5252317184}
{"event": "chunk", "n": 1024, "first": 968, "last": 976, "elapsed_seconds": 7.211702328175306, "allocated_bytes": 5252317184}
{"event": "chunk", "n": 1024, "first": 976, "last": 984, "elapsed_seconds": 7.27083232998848, "allocated_bytes": 5252317184}
{"event": "chunk", "n": 1024, "first": 984, "last": 992, "elapsed_seconds": 7.329941224306822, "allocated_bytes": 5252317184}
{"event": "chunk", "n": 1024, "first": 992, "last": 1000, "elapsed_seconds": 7.389048632234335, "allocated_bytes": 5252317184}
{"event": "chunk", "n": 1024, "first": 1000, "last": 1008, "elapsed_seconds": 7.44820487126708, "allocated_bytes": 5252317184}
{"event": "chunk", "n": 1024, "first": 1008, "last": 1016, "elapsed_seconds": 7.507334835827351, "allocated_bytes": 5252317184}
{"event": "chunk", "n": 1024, "first": 1016, "last": 1024, "elapsed_seconds": 7.566438183188438, "allocated_bytes": 5252317184}
{"event": "case", "n": 1024, "dtype": "torch.bfloat16", "dim": 32, "checks": {"output": {"relative_l2": 0.0019220291795337067, "max_abs": 0.006887698129490083, "zero_max_abs": 0.0, "rounded_zero_reference_max_abs": 6.919961078962682e-05, "finite": true, "passed": true}, "dq": {"relative_l2": 0.0024396833598559803, "max_abs": 0.011979303336191682, "zero_max_abs": 0.0, "rounded_zero_reference_max_abs": 2.684294513356543e-05, "finite": true, "passed": true}, "dk": {"relative_l2": 0.0023591163240374914, "max_abs": 0.011590039495187554, "zero_max_abs": 0.0, "rounded_zero_reference_max_abs": 0.0, "finite": true, "passed": true}, "dv": {"relative_l2": 0.002281857226054224, "max_abs": 0.2448577880859375, "zero_max_abs": 0.0, "rounded_zero_reference_max_abs": 8.890223742778975e-05, "finite": true, "passed": true}, "db": {"relative_l2": 0.001674586185669202, "max_abs": 0.06926344768732307, "zero_max_abs": 0.0, "rounded_zero_reference_max_abs": 0.0, "finite": true, "passed": true}}, "passed": true, "candidate_seconds": 0.058340687304735184, "reference_seconds": 7.568098999559879, "candidate_peak_allocated_bytes": 5203066880, "total_peak_allocated_bytes": 7332691968, "peak_reserved_bytes": 7453278208}
{"event": "summary", "requested_cases": 5, "completed_cases": 5, "failures": 0, "passed": true, "api": "low-memory", "dtype": "bf16", "dim": 32}
