{"event": "start", "args": {"shapes": "500,512,513,800,1024", "dim": 32, "dtype": "bf16", "api": "low-memory", "chunk_i": 128, "reference_chunk": 8, "benchmark_inputs": false}, "seed": "20260921+n", "dtype": "torch.bfloat16", "batch": 1, "heads": 8, "dim": 32, "relative_limit": 0.012, "zero_atol": 2e-05, "mask_fill": -10000.0, "torch": "2.13.0a0+9186a08b2c.nv26.07", "device": "NVIDIA H20-3e", "reference": "independent FP64 matmul/finite-mask/softmax/autograd, chunked over i", "sources": {"scripts/validate_fused.py": "04f70575a4430d4485de2b87aab6513311ce83f313a1fcdb6a942f6a9b82b04f", "src/trifast/__init__.py": "7991e4899fe05dabd35c0ba453c516f9a22a7f1b7d7b6937441d202bf1fc8caf", "src/trifast/_fused_backward.py": "fdcd722a80b298d3700833946c8b16ff6ed8a70db2046768e44df2cc8d4df0e8", "src/trifast/_fused_chunked.py": "07bb4debb8a37943bbd89aeac8e632b27481d5d8982722428b97f7eb26a2095d", "src/trifast/_fused_dispatch.py": "3b3378a917455e066f42e43d07fa34eeaef7330a1e82cf020f9a7bb47cb95cfa", "src/trifast/_fused_forward.py": "a44e96aa9c3a82c6cbe330b1edbe707be1a89e1591b96e0e18bdec4d9a9a0113", "src/trifast/_fused_forward_tma.py": "efc15ab503ed6045f89ad47b4cf245523a039e52811fc76e81cb9dd902768053", "src/trifast/autotune.py": "0909cf562b06259aae34986a5d826e4c8fb2860816689b6b6ba56be3a44595b9", "src/trifast/autotune_helpers.py": "8bfc1a3c2ec06c001188766b6231523cb767466c22d6fbcae2089f2a410e9b9a", "src/trifast/equiv.py": "d8b293f80a605d4912704ae35e9b60b8dbe18c83e81c8be85657afc58a197097", "src/trifast/fused_api.py": "474ad68aecc5e4d29ced3daee8b88dee021dde75335c4ceb459a58463a723343", "src/trifast/fused_low_memory_api.py": "3f4d3035d569d4717951ca6651f1af01d448c461a933d4d6d4933cdf01c1e92e", "src/trifast/torch.py": "ccbd6dabc51f89132b4f0ce17506376a83484a5430f210b5bd7b23ef02641d72", "src/trifast/triton.py": "e71e3f7493e10235efd9b4a63ba5e4940f8e27bd84b5959d51dda2964e1849a9", "src/trifast/tune.py": "e960cf5e0074c8481211d754d8db24831b6b7d9f75fcab589b7bbe73c361e132", "src/trifast/utils.py": "59be46971a782cae0ade81747b553ce7b4669879890d023e0caf0f3852dcf212"}}
{"event": "chunk", "n": 500, "first": 0, "last": 8, "elapsed_seconds": 0.23409453779459, "allocated_bytes": 1333918208}
{"event": "chunk", "n": 500, "first": 8, "last": 16, "elapsed_seconds": 0.25064077600836754, "allocated_bytes": 1333918208}
{"event": "chunk", "n": 500, "first": 16, "last": 24, "elapsed_seconds": 0.2668730393052101, "allocated_bytes": 1333918208}
{"event": "chunk", "n": 500, "first": 24, "last": 32, "elapsed_seconds": 0.2831057757139206, "allocated_bytes": 1333918208}
{"event": "chunk", "n": 500, "first": 32, "last": 40, "elapsed_seconds": 0.299488328397274, "allocated_bytes": 1333918208}
{"event": "chunk", "n": 500, "first": 40, "last": 48, "elapsed_seconds": 0.31563977152109146, "allocated_bytes": 1333918208}
{"event": "chunk", "n": 500, "first": 48, "last": 56, "elapsed_seconds": 0.33179203793406487, "allocated_bytes": 1333918208}
{"event": "chunk", "n": 500, "first": 56, "last": 64, "elapsed_seconds": 0.3479616232216358, "allocated_bytes": 1333918208}
{"event": "chunk", "n": 500, "first": 64, "last": 72, "elapsed_seconds": 0.3642030954360962, "allocated_bytes": 1333918208}
{"event": "chunk", "n": 500, "first": 72, "last": 80, "elapsed_seconds": 0.3804236799478531, "allocated_bytes": 1333918208}
{"event": "chunk", "n": 500, "first": 80, "last": 88, "elapsed_seconds": 0.3966437615454197, "allocated_bytes": 1333918208}
{"event": "chunk", "n": 500, "first": 88, "last": 96, "elapsed_seconds": 0.4128292240202427, "allocated_bytes": 1333918208}
{"event": "chunk", "n": 500, "first": 96, "last": 104, "elapsed_seconds": 0.4290049895644188, "allocated_bytes": 1333918208}
{"event": "chunk", "n": 500, "first": 104, "last": 112, "elapsed_seconds": 0.4453984573483467, "allocated_bytes": 1333918208}
{"event": "chunk", "n": 500, "first": 112, "last": 120, "elapsed_seconds": 0.461589552462101, "allocated_bytes": 1333918208}
{"event": "chunk", "n": 500, "first": 120, "last": 128, "elapsed_seconds": 0.4777725078165531, "allocated_bytes": 1333918208}
{"event": "chunk", "n": 500, "first": 128, "last": 136, "elapsed_seconds": 0.4939338080585003, "allocated_bytes": 1333918208}
{"event": "chunk", "n": 500, "first": 136, "last": 144, "elapsed_seconds": 0.510098222643137, "allocated_bytes": 1333918208}
{"event": "chunk", "n": 500, "first": 144, "last": 152, "elapsed_seconds": 0.5262639857828617, "allocated_bytes": 1333918208}
{"event": "chunk", "n": 500, "first": 152, "last": 160, "elapsed_seconds": 0.5424045845866203, "allocated_bytes": 1333918208}
{"event": "chunk", "n": 500, "first": 160, "last": 168, "elapsed_seconds": 0.5585879608988762, "allocated_bytes": 1333918208}
{"event": "chunk", "n": 500, "first": 168, "last": 176, "elapsed_seconds": 0.5747446157038212, "allocated_bytes": 1333918208}
{"event": "chunk", "n": 500, "first": 176, "last": 184, "elapsed_seconds": 0.5908877328038216, "allocated_bytes": 1333918208}
{"event": "chunk", "n": 500, "first": 184, "last": 192, "elapsed_seconds": 0.6070634312927723, "allocated_bytes": 1333918208}
{"event": "chunk", "n": 500, "first": 192, "last": 200, "elapsed_seconds": 0.6232632286846638, "allocated_bytes": 1333918208}
{"event": "chunk", "n": 500, "first": 200, "last": 208, "elapsed_seconds": 0.6394091248512268, "allocated_bytes": 1333918208}
{"event": "chunk", "n": 500, "first": 208, "last": 216, "elapsed_seconds": 0.6558110415935516, "allocated_bytes": 1333918208}
{"event": "chunk", "n": 500, "first": 216, "last": 224, "elapsed_seconds": 0.6719966307282448, "allocated_bytes": 1333918208}
{"event": "chunk", "n": 500, "first": 224, "last": 232, "elapsed_seconds": 0.6881920397281647, "allocated_bytes": 1333918208}
{"event": "chunk", "n": 500, "first": 232, "last": 240, "elapsed_seconds": 0.7043570764362812, "allocated_bytes": 1333918208}
{"event": "chunk", "n": 500, "first": 240, "last": 248, "elapsed_seconds": 0.7205431498587132, "allocated_bytes": 1333918208}
{"event": "chunk", "n": 500, "first": 248, "last": 256, "elapsed_seconds": 0.736751452088356, "allocated_bytes": 1333918208}
{"event": "chunk", "n": 500, "first": 256, "last": 264, "elapsed_seconds": 0.7529525235295296, "allocated_bytes": 1333918208}
{"event": "chunk", "n": 500, "first": 264, "last": 272, "elapsed_seconds": 0.7691351659595966, "allocated_bytes": 1333918208}
{"event": "chunk", "n": 500, "first": 272, "last": 280, "elapsed_seconds": 0.7853111997246742, "allocated_bytes": 1333918208}
{"event": "chunk", "n": 500, "first": 280, "last": 288, "elapsed_seconds": 0.8014717996120453, "allocated_bytes": 1333918208}
{"event": "chunk", "n": 500, "first": 288, "last": 296, "elapsed_seconds": 0.8176406025886536, "allocated_bytes": 1333918208}
{"event": "chunk", "n": 500, "first": 296, "last": 304, "elapsed_seconds": 0.8338230736553669, "allocated_bytes": 1333918208}
{"event": "chunk", "n": 500, "first": 304, "last": 312, "elapsed_seconds": 0.8500041626393795, "allocated_bytes": 1333918208}
{"event": "chunk", "n": 500, "first": 312, "last": 320, "elapsed_seconds": 0.8662160485982895, "allocated_bytes": 1333918208}
{"event": "chunk", "n": 500, "first": 320, "last": 328, "elapsed_seconds": 0.8823460303246975, "allocated_bytes": 1333918208}
{"event": "chunk", "n": 500, "first": 328, "last": 336, "elapsed_seconds": 0.8985018283128738, "allocated_bytes": 1333918208}
{"event": "chunk", "n": 500, "first": 336, "last": 344, "elapsed_seconds": 0.9146552532911301, "allocated_bytes": 1333918208}
{"event": "chunk", "n": 500, "first": 344, "last": 352, "elapsed_seconds": 0.9312669299542904, "allocated_bytes": 1333918208}
{"event": "chunk", "n": 500, "first": 352, "last": 360, "elapsed_seconds": 0.9475331045687199, "allocated_bytes": 1333918208}
{"event": "chunk", "n": 500, "first": 360, "last": 368, "elapsed_seconds": 0.9636863544583321, "allocated_bytes": 1333918208}
{"event": "chunk", "n": 500, "first": 368, "last": 376, "elapsed_seconds": 0.9798442497849464, "allocated_bytes": 1333918208}
{"event": "chunk", "n": 500, "first": 376, "last": 384, "elapsed_seconds": 0.9960291981697083, "allocated_bytes": 1333918208}
{"event": "chunk", "n": 500, "first": 384, "last": 392, "elapsed_seconds": 1.0122400112450123, "allocated_bytes": 1333918208}
{"event": "chunk", "n": 500, "first": 392, "last": 400, "elapsed_seconds": 1.0284760259091854, "allocated_bytes": 1333918208}
{"event": "chunk", "n": 500, "first": 400, "last": 408, "elapsed_seconds": 1.0446576215326786, "allocated_bytes": 1333918208}
{"event": "chunk", "n": 500, "first": 408, "last": 416, "elapsed_seconds": 1.0608361139893532, "allocated_bytes": 1333918208}
{"event": "chunk", "n": 500, "first": 416, "last": 424, "elapsed_seconds": 1.0770172327756882, "allocated_bytes": 1333918208}
{"event": "chunk", "n": 500, "first": 424, "last": 432, "elapsed_seconds": 1.0931930020451546, "allocated_bytes": 1333918208}
{"event": "chunk", "n": 500, "first": 432, "last": 440, "elapsed_seconds": 1.1093746535480022, "allocated_bytes": 1333918208}
{"event": "chunk", "n": 500, "first": 440, "last": 448, "elapsed_seconds": 1.1255523450672626, "allocated_bytes": 1333918208}
{"event": "chunk", "n": 500, "first": 448, "last": 456, "elapsed_seconds": 1.1417344845831394, "allocated_bytes": 1333918208}
{"event": "chunk", "n": 500, "first": 456, "last": 464, "elapsed_seconds": 1.1579546816647053, "allocated_bytes": 1333918208}
{"event": "chunk", "n": 500, "first": 464, "last": 472, "elapsed_seconds": 1.1741339191794395, "allocated_bytes": 1333918208}
{"event": "chunk", "n": 500, "first": 472, "last": 480, "elapsed_seconds": 1.1902971342206001, "allocated_bytes": 1333918208}
{"event": "chunk", "n": 500, "first": 480, "last": 488, "elapsed_seconds": 1.2064729258418083, "allocated_bytes": 1333918208}
{"event": "chunk", "n": 500, "first": 488, "last": 496, "elapsed_seconds": 1.2226600721478462, "allocated_bytes": 1333918208}
{"event": "chunk", "n": 500, "first": 496, "last": 500, "elapsed_seconds": 1.2319430820643902, "allocated_bytes": 1242121728}
{"event": "case", "n": 500, "dtype": "torch.bfloat16", "dim": 32, "checks": {"output": {"relative_l2": 0.001915117596354866, "max_abs": 0.007219795265202222, "zero_max_abs": 0.0, "rounded_zero_reference_max_abs": 0.0, "finite": true, "passed": true}, "dq": {"relative_l2": 0.0024471973096333696, "max_abs": 0.01414316145224781, "zero_max_abs": 0.0, "rounded_zero_reference_max_abs": 0.0, "finite": true, "passed": true}, "dk": {"relative_l2": 0.0023701666294971033, "max_abs": 0.01236724636041231, "zero_max_abs": 0.0, "rounded_zero_reference_max_abs": 0.0, "finite": true, "passed": true}, "dv": {"relative_l2": 0.002292740381227164, "max_abs": 0.1233062744140625, "zero_max_abs": 0.0, "rounded_zero_reference_max_abs": 0.0, "finite": true, "passed": true}, "db": {"relative_l2": 0.0016879717553502128, "max_abs": 0.060777146193590426, "zero_max_abs": 0.0, "rounded_zero_reference_max_abs": 0.0, "finite": true, "passed": true}}, "passed": true, "candidate_seconds": 5.283799935132265, "reference_seconds": 1.2332696095108986, "candidate_peak_allocated_bytes": 1264258048, "total_peak_allocated_bytes": 1829918208, "peak_reserved_bytes": 1998585856}
{"event": "chunk", "n": 512, "first": 0, "last": 8, "elapsed_seconds": 0.016283679753541946, "allocated_bytes": 1393548288}
{"event": "chunk", "n": 512, "first": 8, "last": 16, "elapsed_seconds": 0.03257118538022041, "allocated_bytes": 1393548288}
{"event": "chunk", "n": 512, "first": 16, "last": 24, "elapsed_seconds": 0.04883023351430893, "allocated_bytes": 1393548288}
{"event": "chunk", "n": 512, "first": 24, "last": 32, "elapsed_seconds": 0.06512347236275673, "allocated_bytes": 1393548288}
{"event": "chunk", "n": 512, "first": 32, "last": 40, "elapsed_seconds": 0.08142753317952156, "allocated_bytes": 1393548288}
{"event": "chunk", "n": 512, "first": 40, "last": 48, "elapsed_seconds": 0.0976988784968853, "allocated_bytes": 1393548288}
{"event": "chunk", "n": 512, "first": 48, "last": 56, "elapsed_seconds": 0.11397957801818848, "allocated_bytes": 1393548288}
{"event": "chunk", "n": 512, "first": 56, "last": 64, "elapsed_seconds": 0.13020745664834976, "allocated_bytes": 1393548288}
{"event": "chunk", "n": 512, "first": 64, "last": 72, "elapsed_seconds": 0.14644015207886696, "allocated_bytes": 1393548288}
{"event": "chunk", "n": 512, "first": 72, "last": 80, "elapsed_seconds": 0.16265787556767464, "allocated_bytes": 1393548288}
{"event": "chunk", "n": 512, "first": 80, "last": 88, "elapsed_seconds": 0.17896753177046776, "allocated_bytes": 1393548288}
{"event": "chunk", "n": 512, "first": 88, "last": 96, "elapsed_seconds": 0.19524173811078072, "allocated_bytes": 1393548288}
{"event": "chunk", "n": 512, "first": 96, "last": 104, "elapsed_seconds": 0.2114708088338375, "allocated_bytes": 1393548288}
{"event": "chunk", "n": 512, "first": 104, "last": 112, "elapsed_seconds": 0.2276865355670452, "allocated_bytes": 1393548288}
{"event": "chunk", "n": 512, "first": 112, "last": 120, "elapsed_seconds": 0.24392524734139442, "allocated_bytes": 1393548288}
{"event": "chunk", "n": 512, "first": 120, "last": 128, "elapsed_seconds": 0.26021968573331833, "allocated_bytes": 1393548288}
{"event": "chunk", "n": 512, "first": 128, "last": 136, "elapsed_seconds": 0.2765106074512005, "allocated_bytes": 1393548288}
{"event": "chunk", "n": 512, "first": 136, "last": 144, "elapsed_seconds": 0.29279762506484985, "allocated_bytes": 1393548288}
{"event": "chunk", "n": 512, "first": 144, "last": 152, "elapsed_seconds": 0.30908622220158577, "allocated_bytes": 1393548288}
{"event": "chunk", "n": 512, "first": 152, "last": 160, "elapsed_seconds": 0.3253495693206787, "allocated_bytes": 1393548288}
{"event": "chunk", "n": 512, "first": 160, "last": 168, "elapsed_seconds": 0.34157298505306244, "allocated_bytes": 1393548288}
{"event": "chunk", "n": 512, "first": 168, "last": 176, "elapsed_seconds": 0.3578215353190899, "allocated_bytes": 1393548288}
{"event": "chunk", "n": 512, "first": 176, "last": 184, "elapsed_seconds": 0.37407995387911797, "allocated_bytes": 1393548288}
{"event": "chunk", "n": 512, "first": 184, "last": 192, "elapsed_seconds": 0.3903316855430603, "allocated_bytes": 1393548288}
{"event": "chunk", "n": 512, "first": 192, "last": 200, "elapsed_seconds": 0.406546663492918, "allocated_bytes": 1393548288}
{"event": "chunk", "n": 512, "first": 200, "last": 208, "elapsed_seconds": 0.42279237881302834, "allocated_bytes": 1393548288}
{"event": "chunk", "n": 512, "first": 208, "last": 216, "elapsed_seconds": 0.4390273839235306, "allocated_bytes": 1393548288}
{"event": "chunk", "n": 512, "first": 216, "last": 224, "elapsed_seconds": 0.45522963628172874, "allocated_bytes": 1393548288}
{"event": "chunk", "n": 512, "first": 224, "last": 232, "elapsed_seconds": 0.47147342190146446, "allocated_bytes": 1393548288}
{"event": "chunk", "n": 512, "first": 232, "last": 240, "elapsed_seconds": 0.4877057112753391, "allocated_bytes": 1393548288}
{"event": "chunk", "n": 512, "first": 240, "last": 248, "elapsed_seconds": 0.5039336495101452, "allocated_bytes": 1393548288}
{"event": "chunk", "n": 512, "first": 248, "last": 256, "elapsed_seconds": 0.5202047601342201, "allocated_bytes": 1393548288}
{"event": "chunk", "n": 512, "first": 256, "last": 264, "elapsed_seconds": 0.5364557765424252, "allocated_bytes": 1393548288}
{"event": "chunk", "n": 512, "first": 264, "last": 272, "elapsed_seconds": 0.5527332238852978, "allocated_bytes": 1393548288}
{"event": "chunk", "n": 512, "first": 272, "last": 280, "elapsed_seconds": 0.5689994059503078, "allocated_bytes": 1393548288}
{"event": "chunk", "n": 512, "first": 280, "last": 288, "elapsed_seconds": 0.5852624587714672, "allocated_bytes": 1393548288}
{"event": "chunk", "n": 512, "first": 288, "last": 296, "elapsed_seconds": 0.6015017218887806, "allocated_bytes": 1393548288}
{"event": "chunk", "n": 512, "first": 296, "last": 304, "elapsed_seconds": 0.6177106238901615, "allocated_bytes": 1393548288}
{"event": "chunk", "n": 512, "first": 304, "last": 312, "elapsed_seconds": 0.6343117579817772, "allocated_bytes": 1393548288}
{"event": "chunk", "n": 512, "first": 312, "last": 320, "elapsed_seconds": 0.650564543902874, "allocated_bytes": 1393548288}
{"event": "chunk", "n": 512, "first": 320, "last": 328, "elapsed_seconds": 0.6667820140719414, "allocated_bytes": 1393548288}
{"event": "chunk", "n": 512, "first": 328, "last": 336, "elapsed_seconds": 0.6829774007201195, "allocated_bytes": 1393548288}
{"event": "chunk", "n": 512, "first": 336, "last": 344, "elapsed_seconds": 0.6992290876805782, "allocated_bytes": 1393548288}
{"event": "chunk", "n": 512, "first": 344, "last": 352, "elapsed_seconds": 0.715456884354353, "allocated_bytes": 1393548288}
{"event": "chunk", "n": 512, "first": 352, "last": 360, "elapsed_seconds": 0.7317171506583691, "allocated_bytes": 1393548288}
{"event": "chunk", "n": 512, "first": 360, "last": 368, "elapsed_seconds": 0.7479507215321064, "allocated_bytes": 1393548288}
{"event": "chunk", "n": 512, "first": 368, "last": 376, "elapsed_seconds": 0.7642275393009186, "allocated_bytes": 1393548288}
{"event": "chunk", "n": 512, "first": 376, "last": 384, "elapsed_seconds": 0.7805044576525688, "allocated_bytes": 1393548288}
{"event": "chunk", "n": 512, "first": 384, "last": 392, "elapsed_seconds": 0.7967615947127342, "allocated_bytes": 1393548288}
{"event": "chunk", "n": 512, "first": 392, "last": 400, "elapsed_seconds": 0.8145327940583229, "allocated_bytes": 1393548288}
{"event": "chunk", "n": 512, "first": 400, "last": 408, "elapsed_seconds": 0.8309070691466331, "allocated_bytes": 1393548288}
{"event": "chunk", "n": 512, "first": 408, "last": 416, "elapsed_seconds": 0.8471334837377071, "allocated_bytes": 1393548288}
{"event": "chunk", "n": 512, "first": 416, "last": 424, "elapsed_seconds": 0.863358411937952, "allocated_bytes": 1393548288}
{"event": "chunk", "n": 512, "first": 424, "last": 432, "elapsed_seconds": 0.8795646280050278, "allocated_bytes": 1393548288}
{"event": "chunk", "n": 512, "first": 432, "last": 440, "elapsed_seconds": 0.895836591720581, "allocated_bytes": 1393548288}
{"event": "chunk", "n": 512, "first": 440, "last": 448, "elapsed_seconds": 0.9121617488563061, "allocated_bytes": 1393548288}
{"event": "chunk", "n": 512, "first": 448, "last": 456, "elapsed_seconds": 0.928440511226654, "allocated_bytes": 1393548288}
{"event": "chunk", "n": 512, "first": 456, "last": 464, "elapsed_seconds": 0.9447227902710438, "allocated_bytes": 1393548288}
{"event": "chunk", "n": 512, "first": 464, "last": 472, "elapsed_seconds": 0.9610522277653217, "allocated_bytes": 1393548288}
{"event": "chunk", "n": 512, "first": 472, "last": 480, "elapsed_seconds": 0.977654479444027, "allocated_bytes": 1393548288}
{"event": "chunk", "n": 512, "first": 480, "last": 488, "elapsed_seconds": 0.9938970804214478, "allocated_bytes": 1393548288}
{"event": "chunk", "n": 512, "first": 488, "last": 496, "elapsed_seconds": 1.0101214833557606, "allocated_bytes": 1393548288}
{"event": "chunk", "n": 512, "first": 496, "last": 504, "elapsed_seconds": 1.0263425596058369, "allocated_bytes": 1393548288}
{"event": "chunk", "n": 512, "first": 504, "last": 512, "elapsed_seconds": 1.0425693914294243, "allocated_bytes": 1393548288}
{"event": "case", "n": 512, "dtype": "torch.bfloat16", "dim": 32, "checks": {"output": {"relative_l2": 0.001877224434927398, "max_abs": 0.007663613479505393, "zero_max_abs": 0.0, "rounded_zero_reference_max_abs": 0.0, "finite": true, "passed": true}, "dq": {"relative_l2": 0.0024477293185867, "max_abs": 0.012745628075178678, "zero_max_abs": 0.0, "rounded_zero_reference_max_abs": 0.00013048041475849996, "finite": true, "passed": true}, "dk": {"relative_l2": 0.0023698072286496637, "max_abs": 0.012234803495527746, "zero_max_abs": 0.0, "rounded_zero_reference_max_abs": 0.0, "finite": true, "passed": true}, "dv": {"relative_l2": 0.0022814298437510917, "max_abs": 0.1199493408203125, "zero_max_abs": 0.0, "rounded_zero_reference_max_abs": 0.0, "finite": true, "passed": true}, "db": {"relative_l2": 0.001684564692100847, "max_abs": 0.06254774906324556, "zero_max_abs": 0.0, "rounded_zero_reference_max_abs": 0.0, "finite": true, "passed": true}}, "passed": true, "candidate_seconds": 0.008619844913482666, "reference_seconds": 1.0434531532227993, "candidate_peak_allocated_bytes": 1385700352, "total_peak_allocated_bytes": 1913641984, "peak_reserved_bytes": 1937768448}
{"event": "chunk", "n": 513, "first": 0, "last": 8, "elapsed_seconds": 0.01995079219341278, "allocated_bytes": 1398570496}
{"event": "chunk", "n": 513, "first": 8, "last": 16, "elapsed_seconds": 0.03992511332035065, "allocated_bytes": 1398570496}
{"event": "chunk", "n": 513, "first": 16, "last": 24, "elapsed_seconds": 0.059837400913238525, "allocated_bytes": 1398570496}
{"event": "chunk", "n": 513, "first": 24, "last": 32, "elapsed_seconds": 0.07972237095236778, "allocated_bytes": 1398570496}
{"event": "chunk", "n": 513, "first": 32, "last": 40, "elapsed_seconds": 0.09963742643594742, "allocated_bytes": 1398570496}
{"event": "chunk", "n": 513, "first": 40, "last": 48, "elapsed_seconds": 0.11951431259512901, "allocated_bytes": 1398570496}
{"event": "chunk", "n": 513, "first": 48, "last": 56, "elapsed_seconds": 0.13940207660198212, "allocated_bytes": 1398570496}
{"event": "chunk", "n": 513, "first": 56, "last": 64, "elapsed_seconds": 0.1593218334019184, "allocated_bytes": 1398570496}
{"event": "chunk", "n": 513, "first": 64, "last": 72, "elapsed_seconds": 0.17905252054333687, "allocated_bytes": 1398570496}
{"event": "chunk", "n": 513, "first": 72, "last": 80, "elapsed_seconds": 0.19890857860445976, "allocated_bytes": 1398570496}
{"event": "chunk", "n": 513, "first": 80, "last": 88, "elapsed_seconds": 0.2187373973429203, "allocated_bytes": 1398570496}
{"event": "chunk", "n": 513, "first": 88, "last": 96, "elapsed_seconds": 0.23855074867606163, "allocated_bytes": 1398570496}
{"event": "chunk", "n": 513, "first": 96, "last": 104, "elapsed_seconds": 0.2583755664527416, "allocated_bytes": 1398570496}
{"event": "chunk", "n": 513, "first": 104, "last": 112, "elapsed_seconds": 0.278245247900486, "allocated_bytes": 1398570496}
{"event": "chunk", "n": 513, "first": 112, "last": 120, "elapsed_seconds": 0.2982243597507477, "allocated_bytes": 1398570496}
{"event": "chunk", "n": 513, "first": 120, "last": 128, "elapsed_seconds": 0.31796929240226746, "allocated_bytes": 1398570496}
{"event": "chunk", "n": 513, "first": 128, "last": 136, "elapsed_seconds": 0.3378317914903164, "allocated_bytes": 1398570496}
{"event": "chunk", "n": 513, "first": 136, "last": 144, "elapsed_seconds": 0.3578283563256264, "allocated_bytes": 1398570496}
{"event": "chunk", "n": 513, "first": 144, "last": 152, "elapsed_seconds": 0.3781426027417183, "allocated_bytes": 1398570496}
{"event": "chunk", "n": 513, "first": 152, "last": 160, "elapsed_seconds": 0.3980116508901119, "allocated_bytes": 1398570496}
{"event": "chunk", "n": 513, "first": 160, "last": 168, "elapsed_seconds": 0.41780662536621094, "allocated_bytes": 1398570496}
{"event": "chunk", "n": 513, "first": 168, "last": 176, "elapsed_seconds": 0.43761614710092545, "allocated_bytes": 1398570496}
{"event": "chunk", "n": 513, "first": 176, "last": 184, "elapsed_seconds": 0.4574516676366329, "allocated_bytes": 1398570496}
{"event": "chunk", "n": 513, "first": 184, "last": 192, "elapsed_seconds": 0.4771622531116009, "allocated_bytes": 1398570496}
{"event": "chunk", "n": 513, "first": 192, "last": 200, "elapsed_seconds": 0.49704534932971, "allocated_bytes": 1398570496}
{"event": "chunk", "n": 513, "first": 200, "last": 208, "elapsed_seconds": 0.5169273391366005, "allocated_bytes": 1398570496}
{"event": "chunk", "n": 513, "first": 208, "last": 216, "elapsed_seconds": 0.5367847084999084, "allocated_bytes": 1398570496}
{"event": "chunk", "n": 513, "first": 216, "last": 224, "elapsed_seconds": 0.5566390827298164, "allocated_bytes": 1398570496}
{"event": "chunk", "n": 513, "first": 224, "last": 232, "elapsed_seconds": 0.5764933377504349, "allocated_bytes": 1398570496}
{"event": "chunk", "n": 513, "first": 232, "last": 240, "elapsed_seconds": 0.5962169170379639, "allocated_bytes": 1398570496}
{"event": "chunk", "n": 513, "first": 240, "last": 248, "elapsed_seconds": 0.61604780331254, "allocated_bytes": 1398570496}
{"event": "chunk", "n": 513, "first": 248, "last": 256, "elapsed_seconds": 0.6359022185206413, "allocated_bytes": 1398570496}
{"event": "chunk", "n": 513, "first": 256, "last": 264, "elapsed_seconds": 0.655812207609415, "allocated_bytes": 1398570496}
{"event": "chunk", "n": 513, "first": 264, "last": 272, "elapsed_seconds": 0.6756581701338291, "allocated_bytes": 1398570496}
{"event": "chunk", "n": 513, "first": 272, "last": 280, "elapsed_seconds": 0.6955110915005207, "allocated_bytes": 1398570496}
{"event": "chunk", "n": 513, "first": 280, "last": 288, "elapsed_seconds": 0.7153805121779442, "allocated_bytes": 1398570496}
{"event": "chunk", "n": 513, "first": 288, "last": 296, "elapsed_seconds": 0.73523910343647, "allocated_bytes": 1398570496}
{"event": "chunk", "n": 513, "first": 296, "last": 304, "elapsed_seconds": 0.7549437247216702, "allocated_bytes": 1398570496}
{"event": "chunk", "n": 513, "first": 304, "last": 312, "elapsed_seconds": 0.7747602313756943, "allocated_bytes": 1398570496}
{"event": "chunk", "n": 513, "first": 312, "last": 320, "elapsed_seconds": 0.7950059734284878, "allocated_bytes": 1398570496}
{"event": "chunk", "n": 513, "first": 320, "last": 328, "elapsed_seconds": 0.8148521110415459, "allocated_bytes": 1398570496}
{"event": "chunk", "n": 513, "first": 328, "last": 336, "elapsed_seconds": 0.8346540704369545, "allocated_bytes": 1398570496}
{"event": "chunk", "n": 513, "first": 336, "last": 344, "elapsed_seconds": 0.8544686548411846, "allocated_bytes": 1398570496}
{"event": "chunk", "n": 513, "first": 344, "last": 352, "elapsed_seconds": 0.8743340335786343, "allocated_bytes": 1398570496}
{"event": "chunk", "n": 513, "first": 352, "last": 360, "elapsed_seconds": 0.8942153193056583, "allocated_bytes": 1398570496}
{"event": "chunk", "n": 513, "first": 360, "last": 368, "elapsed_seconds": 0.9143396839499474, "allocated_bytes": 1398570496}
{"event": "chunk", "n": 513, "first": 368, "last": 376, "elapsed_seconds": 0.9343274310231209, "allocated_bytes": 1398570496}
{"event": "chunk", "n": 513, "first": 376, "last": 384, "elapsed_seconds": 0.9543125368654728, "allocated_bytes": 1398570496}
{"event": "chunk", "n": 513, "first": 384, "last": 392, "elapsed_seconds": 0.9741222262382507, "allocated_bytes": 1398570496}
{"event": "chunk", "n": 513, "first": 392, "last": 400, "elapsed_seconds": 0.9938151426613331, "allocated_bytes": 1398570496}
{"event": "chunk", "n": 513, "first": 400, "last": 408, "elapsed_seconds": 1.013508528470993, "allocated_bytes": 1398570496}
{"event": "chunk", "n": 513, "first": 408, "last": 416, "elapsed_seconds": 1.033294290304184, "allocated_bytes": 1398570496}
{"event": "chunk", "n": 513, "first": 416, "last": 424, "elapsed_seconds": 1.0531382225453854, "allocated_bytes": 1398570496}
{"event": "chunk", "n": 513, "first": 424, "last": 432, "elapsed_seconds": 1.0730230994522572, "allocated_bytes": 1398570496}
{"event": "chunk", "n": 513, "first": 432, "last": 440, "elapsed_seconds": 1.0927724428474903, "allocated_bytes": 1398570496}
{"event": "chunk", "n": 513, "first": 440, "last": 448, "elapsed_seconds": 1.1126677729189396, "allocated_bytes": 1398570496}
{"event": "chunk", "n": 513, "first": 448, "last": 456, "elapsed_seconds": 1.132600836455822, "allocated_bytes": 1398570496}
{"event": "chunk", "n": 513, "first": 456, "last": 464, "elapsed_seconds": 1.1525361388921738, "allocated_bytes": 1398570496}
{"event": "chunk", "n": 513, "first": 464, "last": 472, "elapsed_seconds": 1.1723618172109127, "allocated_bytes": 1398570496}
{"event": "chunk", "n": 513, "first": 472, "last": 480, "elapsed_seconds": 1.192596036940813, "allocated_bytes": 1398570496}
{"event": "chunk", "n": 513, "first": 480, "last": 488, "elapsed_seconds": 1.2125847823917866, "allocated_bytes": 1398570496}
{"event": "chunk", "n": 513, "first": 488, "last": 496, "elapsed_seconds": 1.232431747019291, "allocated_bytes": 1398570496}
{"event": "chunk", "n": 513, "first": 496, "last": 504, "elapsed_seconds": 1.2522717863321304, "allocated_bytes": 1398570496}
{"event": "chunk", "n": 513, "first": 504, "last": 512, "elapsed_seconds": 1.2721617072820663, "allocated_bytes": 1398570496}
{"event": "chunk", "n": 513, "first": 512, "last": 513, "elapsed_seconds": 1.2766048945486546, "allocated_bytes": 1232825856}
{"event": "case", "n": 513, "dtype": "torch.bfloat16", "dim": 32, "checks": {"output": {"relative_l2": 0.0018792175212490013, "max_abs": 0.007694711571126778, "zero_max_abs": 0.0, "rounded_zero_reference_max_abs": 0.0, "finite": true, "passed": true}, "dq": {"relative_l2": 0.00244779634834524, "max_abs": 0.014031788778891663, "zero_max_abs": 0.0, "rounded_zero_reference_max_abs": 5.454042339210767e-05, "finite": true, "passed": true}, "dk": {"relative_l2": 0.002370380823188822, "max_abs": 0.01440904815734756, "zero_max_abs": 0.0, "rounded_zero_reference_max_abs": 0.0, "finite": true, "passed": true}, "dv": {"relative_l2": 0.0022883816777988994, "max_abs": 0.1248321533203125, "zero_max_abs": 0.0, "rounded_zero_reference_max_abs": 7.145104984960528e-05, "finite": true, "passed": true}, "db": {"relative_l2": 0.0016969372778620707, "max_abs": 0.061728162256383, "zero_max_abs": 0.0, "rounded_zero_reference_max_abs": 0.0, "finite": true, "passed": true}}, "passed": true, "candidate_seconds": 4.5866461880505085, "reference_seconds": 1.2775063440203667, "candidate_peak_allocated_bytes": 1407468032, "total_peak_allocated_bytes": 1920697344, "peak_reserved_bytes": 2164260864}
{"event": "chunk", "n": 800, "first": 0, "last": 8, "elapsed_seconds": 0.03807654604315758, "allocated_bytes": 3253027840}
{"event": "chunk", "n": 800, "first": 8, "last": 16, "elapsed_seconds": 0.07665329799056053, "allocated_bytes": 3251979264}
{"event": "chunk", "n": 800, "first": 16, "last": 24, "elapsed_seconds": 0.11522216349840164, "allocated_bytes": 3253027840}
{"event": "chunk", "n": 800, "first": 24, "last": 32, "elapsed_seconds": 0.1537654660642147, "allocated_bytes": 3251979264}
{"event": "chunk", "n": 800, "first": 32, "last": 40, "elapsed_seconds": 0.19234364107251167, "allocated_bytes": 3253027840}
{"event": "chunk", "n": 800, "first": 40, "last": 48, "elapsed_seconds": 0.23092304915189743, "allocated_bytes": 3251979264}
{"event": "chunk", "n": 800, "first": 48, "last": 56, "elapsed_seconds": 0.2694653272628784, "allocated_bytes": 3253027840}
{"event": "chunk", "n": 800, "first": 56, "last": 64, "elapsed_seconds": 0.30800893157720566, "allocated_bytes": 3251979264}
{"event": "chunk", "n": 800, "first": 64, "last": 72, "elapsed_seconds": 0.346538458019495, "allocated_bytes": 3253027840}
{"event": "chunk", "n": 800, "first": 72, "last": 80, "elapsed_seconds": 0.3850806839764118, "allocated_bytes": 3251979264}
{"event": "chunk", "n": 800, "first": 80, "last": 88, "elapsed_seconds": 0.4236634112894535, "allocated_bytes": 3253027840}
{"event": "chunk", "n": 800, "first": 88, "last": 96, "elapsed_seconds": 0.46222227439284325, "allocated_bytes": 3251979264}
{"event": "chunk", "n": 800, "first": 96, "last": 104, "elapsed_seconds": 0.5032306611537933, "allocated_bytes": 3253027840}
{"event": "chunk", "n": 800, "first": 104, "last": 112, "elapsed_seconds": 0.5417523719370365, "allocated_bytes": 3251979264}
{"event": "chunk", "n": 800, "first": 112, "last": 120, "elapsed_seconds": 0.5803086906671524, "allocated_bytes": 3253027840}
{"event": "chunk", "n": 800, "first": 120, "last": 128, "elapsed_seconds": 0.6188820004463196, "allocated_bytes": 3251979264}
{"event": "chunk", "n": 800, "first": 128, "last": 136, "elapsed_seconds": 0.6574106439948082, "allocated_bytes": 3253027840}
{"event": "chunk", "n": 800, "first": 136, "last": 144, "elapsed_seconds": 0.6959499791264534, "allocated_bytes": 3251979264}
{"event": "chunk", "n": 800, "first": 144, "last": 152, "elapsed_seconds": 0.7344918847084045, "allocated_bytes": 3253027840}
{"event": "chunk", "n": 800, "first": 152, "last": 160, "elapsed_seconds": 0.7730884701013565, "allocated_bytes": 3251979264}
{"event": "chunk", "n": 800, "first": 160, "last": 168, "elapsed_seconds": 0.8116707392036915, "allocated_bytes": 3253027840}
{"event": "chunk", "n": 800, "first": 168, "last": 176, "elapsed_seconds": 0.8502037264406681, "allocated_bytes": 3251979264}
{"event": "chunk", "n": 800, "first": 176, "last": 184, "elapsed_seconds": 0.8887458555400372, "allocated_bytes": 3253027840}
{"event": "chunk", "n": 800, "first": 184, "last": 192, "elapsed_seconds": 0.9272943884134293, "allocated_bytes": 3251979264}
{"event": "chunk", "n": 800, "first": 192, "last": 200, "elapsed_seconds": 0.9658430889248848, "allocated_bytes": 3253027840}
{"event": "chunk", "n": 800, "first": 200, "last": 208, "elapsed_seconds": 1.0043907463550568, "allocated_bytes": 3251979264}
{"event": "chunk", "n": 800, "first": 208, "last": 216, "elapsed_seconds": 1.043082632124424, "allocated_bytes": 3253027840}
{"event": "chunk", "n": 800, "first": 216, "last": 224, "elapsed_seconds": 1.0816303193569183, "allocated_bytes": 3251979264}
{"event": "chunk", "n": 800, "first": 224, "last": 232, "elapsed_seconds": 1.1201669871807098, "allocated_bytes": 3253027840}
{"event": "chunk", "n": 800, "first": 232, "last": 240, "elapsed_seconds": 1.1587263159453869, "allocated_bytes": 3251979264}
{"event": "chunk", "n": 800, "first": 240, "last": 248, "elapsed_seconds": 1.197275247424841, "allocated_bytes": 3253027840}
{"event": "chunk", "n": 800, "first": 248, "last": 256, "elapsed_seconds": 1.2358596660196781, "allocated_bytes": 3251979264}
{"event": "chunk", "n": 800, "first": 256, "last": 264, "elapsed_seconds": 1.2747800685465336, "allocated_bytes": 3253027840}
{"event": "chunk", "n": 800, "first": 264, "last": 272, "elapsed_seconds": 1.313300970941782, "allocated_bytes": 3251979264}
{"event": "chunk", "n": 800, "first": 272, "last": 280, "elapsed_seconds": 1.3519186452031136, "allocated_bytes": 3253027840}
{"event": "chunk", "n": 800, "first": 280, "last": 288, "elapsed_seconds": 1.390470940619707, "allocated_bytes": 3251979264}
{"event": "chunk", "n": 800, "first": 288, "last": 296, "elapsed_seconds": 1.4290364608168602, "allocated_bytes": 3253027840}
{"event": "chunk", "n": 800, "first": 296, "last": 304, "elapsed_seconds": 1.4675849713385105, "allocated_bytes": 3251979264}
{"event": "chunk", "n": 800, "first": 304, "last": 312, "elapsed_seconds": 1.5061246901750565, "allocated_bytes": 3253027840}
{"event": "chunk", "n": 800, "first": 312, "last": 320, "elapsed_seconds": 1.54470369592309, "allocated_bytes": 3251979264}
{"event": "chunk", "n": 800, "first": 320, "last": 328, "elapsed_seconds": 1.5832715034484863, "allocated_bytes": 3253027840}
{"event": "chunk", "n": 800, "first": 328, "last": 336, "elapsed_seconds": 1.6218396686017513, "allocated_bytes": 3251979264}
{"event": "chunk", "n": 800, "first": 336, "last": 344, "elapsed_seconds": 1.6603790819644928, "allocated_bytes": 3253027840}
{"event": "chunk", "n": 800, "first": 344, "last": 352, "elapsed_seconds": 1.6989184357225895, "allocated_bytes": 3251979264}
{"event": "chunk", "n": 800, "first": 352, "last": 360, "elapsed_seconds": 1.737428531050682, "allocated_bytes": 3253027840}
{"event": "chunk", "n": 800, "first": 360, "last": 368, "elapsed_seconds": 1.7759972587227821, "allocated_bytes": 3251979264}
{"event": "chunk", "n": 800, "first": 368, "last": 376, "elapsed_seconds": 1.8145630657672882, "allocated_bytes": 3253027840}
{"event": "chunk", "n": 800, "first": 376, "last": 384, "elapsed_seconds": 1.8531081229448318, "allocated_bytes": 3251979264}
{"event": "chunk", "n": 800, "first": 384, "last": 392, "elapsed_seconds": 1.8916620910167694, "allocated_bytes": 3253027840}
{"event": "chunk", "n": 800, "first": 392, "last": 400, "elapsed_seconds": 1.930192306637764, "allocated_bytes": 3251979264}
{"event": "chunk", "n": 800, "first": 400, "last": 408, "elapsed_seconds": 1.9687548130750656, "allocated_bytes": 3253027840}
{"event": "chunk", "n": 800, "first": 408, "last": 416, "elapsed_seconds": 2.007316265255213, "allocated_bytes": 3251979264}
{"event": "chunk", "n": 800, "first": 416, "last": 424, "elapsed_seconds": 2.0458689369261265, "allocated_bytes": 3253027840}
{"event": "chunk", "n": 800, "first": 424, "last": 432, "elapsed_seconds": 2.0847924686968327, "allocated_bytes": 3251979264}
{"event": "chunk", "n": 800, "first": 432, "last": 440, "elapsed_seconds": 2.1233976110816, "allocated_bytes": 3253027840}
{"event": "chunk", "n": 800, "first": 440, "last": 448, "elapsed_seconds": 2.161943919956684, "allocated_bytes": 3251979264}
{"event": "chunk", "n": 800, "first": 448, "last": 456, "elapsed_seconds": 2.200473427772522, "allocated_bytes": 3253027840}
{"event": "chunk", "n": 800, "first": 456, "last": 464, "elapsed_seconds": 2.2390810288488865, "allocated_bytes": 3251979264}
{"event": "chunk", "n": 800, "first": 464, "last": 472, "elapsed_seconds": 2.277636155486107, "allocated_bytes": 3253027840}
{"event": "chunk", "n": 800, "first": 472, "last": 480, "elapsed_seconds": 2.3161737509071827, "allocated_bytes": 3251979264}
{"event": "chunk", "n": 800, "first": 480, "last": 488, "elapsed_seconds": 2.354714933782816, "allocated_bytes": 3253027840}
{"event": "chunk", "n": 800, "first": 488, "last": 496, "elapsed_seconds": 2.3932753428816795, "allocated_bytes": 3251979264}
{"event": "chunk", "n": 800, "first": 496, "last": 504, "elapsed_seconds": 2.4318520836532116, "allocated_bytes": 3253027840}
{"event": "chunk", "n": 800, "first": 504, "last": 512, "elapsed_seconds": 2.4703850857913494, "allocated_bytes": 3251979264}
{"event": "chunk", "n": 800, "first": 512, "last": 520, "elapsed_seconds": 2.50914291664958, "allocated_bytes": 3253027840}
{"event": "chunk", "n": 800, "first": 520, "last": 528, "elapsed_seconds": 2.5480444207787514, "allocated_bytes": 3251979264}
{"event": "chunk", "n": 800, "first": 528, "last": 536, "elapsed_seconds": 2.5866719223558903, "allocated_bytes": 3253027840}
{"event": "chunk", "n": 800, "first": 536, "last": 544, "elapsed_seconds": 2.6252892836928368, "allocated_bytes": 3251979264}
{"event": "chunk", "n": 800, "first": 544, "last": 552, "elapsed_seconds": 2.663887433707714, "allocated_bytes": 3253027840}
{"event": "chunk", "n": 800, "first": 552, "last": 560, "elapsed_seconds": 2.7024346850812435, "allocated_bytes": 3251979264}
{"event": "chunk", "n": 800, "first": 560, "last": 568, "elapsed_seconds": 2.740984506905079, "allocated_bytes": 3253027840}
{"event": "chunk", "n": 800, "first": 568, "last": 576, "elapsed_seconds": 2.7796017602086067, "allocated_bytes": 3251979264}
{"event": "chunk", "n": 800, "first": 576, "last": 584, "elapsed_seconds": 2.8181560449302197, "allocated_bytes": 3253027840}
{"event": "chunk", "n": 800, "first": 584, "last": 592, "elapsed_seconds": 2.8567135632038116, "allocated_bytes": 3251979264}
{"event": "chunk", "n": 800, "first": 592, "last": 600, "elapsed_seconds": 2.895765755325556, "allocated_bytes": 3253027840}
{"event": "chunk", "n": 800, "first": 600, "last": 608, "elapsed_seconds": 2.9343178682029247, "allocated_bytes": 3251979264}
{"event": "chunk", "n": 800, "first": 608, "last": 616, "elapsed_seconds": 2.972877535969019, "allocated_bytes": 3253027840}
{"event": "chunk", "n": 800, "first": 616, "last": 624, "elapsed_seconds": 3.0114434882998466, "allocated_bytes": 3251979264}
{"event": "chunk", "n": 800, "first": 624, "last": 632, "elapsed_seconds": 3.050006315112114, "allocated_bytes": 3253027840}
{"event": "chunk", "n": 800, "first": 632, "last": 640, "elapsed_seconds": 3.08854154124856, "allocated_bytes": 3251979264}
{"event": "chunk", "n": 800, "first": 640, "last": 648, "elapsed_seconds": 3.127078603953123, "allocated_bytes": 3253027840}
{"event": "chunk", "n": 800, "first": 648, "last": 656, "elapsed_seconds": 3.1656211726367474, "allocated_bytes": 3251979264}
{"event": "chunk", "n": 800, "first": 656, "last": 664, "elapsed_seconds": 3.204188145697117, "allocated_bytes": 3253027840}
{"event": "chunk", "n": 800, "first": 664, "last": 672, "elapsed_seconds": 3.242760304361582, "allocated_bytes": 3251979264}
{"event": "chunk", "n": 800, "first": 672, "last": 680, "elapsed_seconds": 3.2812926545739174, "allocated_bytes": 3253027840}
{"event": "chunk", "n": 800, "first": 680, "last": 688, "elapsed_seconds": 3.319866731762886, "allocated_bytes": 3251979264}
{"event": "chunk", "n": 800, "first": 688, "last": 696, "elapsed_seconds": 3.3585088290274143, "allocated_bytes": 3253027840}
{"event": "chunk", "n": 800, "first": 696, "last": 704, "elapsed_seconds": 3.3970933109521866, "allocated_bytes": 3251979264}
{"event": "chunk", "n": 800, "first": 704, "last": 712, "elapsed_seconds": 3.4356681555509567, "allocated_bytes": 3253027840}
{"event": "chunk", "n": 800, "first": 712, "last": 720, "elapsed_seconds": 3.4741997458040714, "allocated_bytes": 3251979264}
{"event": "chunk", "n": 800, "first": 720, "last": 728, "elapsed_seconds": 3.512766756117344, "allocated_bytes": 3253027840}
{"event": "chunk", "n": 800, "first": 728, "last": 736, "elapsed_seconds": 3.551290363073349, "allocated_bytes": 3251979264}
{"event": "chunk", "n": 800, "first": 736, "last": 744, "elapsed_seconds": 3.589812111109495, "allocated_bytes": 3253027840}
{"event": "chunk", "n": 800, "first": 744, "last": 752, "elapsed_seconds": 3.628358334302902, "allocated_bytes": 3251979264}
{"event": "chunk", "n": 800, "first": 752, "last": 760, "elapsed_seconds": 3.6672585159540176, "allocated_bytes": 3253027840}
{"event": "chunk", "n": 800, "first": 760, "last": 768, "elapsed_seconds": 3.7057485543191433, "allocated_bytes": 3251979264}
{"event": "chunk", "n": 800, "first": 768, "last": 776, "elapsed_seconds": 3.744260475039482, "allocated_bytes": 3253027840}
{"event": "chunk", "n": 800, "first": 776, "last": 784, "elapsed_seconds": 3.782805845141411, "allocated_bytes": 3251979264}
{"event": "chunk", "n": 800, "first": 784, "last": 792, "elapsed_seconds": 3.8213293701410294, "allocated_bytes": 3253027840}
{"event": "chunk", "n": 800, "first": 792, "last": 800, "elapsed_seconds": 3.8598359003663063, "allocated_bytes": 3251979264}
{"event": "case", "n": 800, "dtype": "torch.bfloat16", "dim": 32, "checks": {"output": {"relative_l2": 0.0019347837334199583, "max_abs": 0.007779596312533332, "zero_max_abs": 0.0, "rounded_zero_reference_max_abs": 0.00014742835348304032, "finite": true, "passed": true}, "dq": {"relative_l2": 0.002441724277440179, "max_abs": 0.013750393359088786, "zero_max_abs": 0.0, "rounded_zero_reference_max_abs": 0.0, "finite": true, "passed": true}, "dk": {"relative_l2": 0.00236258642736432, "max_abs": 0.014687289134654335, "zero_max_abs": 0.0, "rounded_zero_reference_max_abs": 0.0, "finite": true, "passed": true}, "dv": {"relative_l2": 0.002295878105730944, "max_abs": 0.2041015625, "zero_max_abs": 0.0, "rounded_zero_reference_max_abs": 0.0, "finite": true, "passed": true}, "db": {"relative_l2": 0.0016818252880203873, "max_abs": 0.059746108795103225, "zero_max_abs": 0.0, "rounded_zero_reference_max_abs": 0.0, "finite": true, "passed": true}}, "passed": true, "candidate_seconds": 0.031793754547834396, "reference_seconds": 3.861083462834358, "candidate_peak_allocated_bytes": 3246336000, "total_peak_allocated_bytes": 4522787840, "peak_reserved_bytes": 4928307200}
{"event": "chunk", "n": 1024, "first": 0, "last": 8, "elapsed_seconds": 0.05859708413481712, "allocated_bytes": 5253094400}
{"event": "chunk", "n": 1024, "first": 8, "last": 16, "elapsed_seconds": 0.11781243979930878, "allocated_bytes": 5253094400}
{"event": "chunk", "n": 1024, "first": 16, "last": 24, "elapsed_seconds": 0.17689324915409088, "allocated_bytes": 5253094400}
{"event": "chunk", "n": 1024, "first": 24, "last": 32, "elapsed_seconds": 0.236043568700552, "allocated_bytes": 5253094400}
{"event": "chunk", "n": 1024, "first": 32, "last": 40, "elapsed_seconds": 0.2951314449310303, "allocated_bytes": 5253094400}
{"event": "chunk", "n": 1024, "first": 40, "last": 48, "elapsed_seconds": 0.3542395606637001, "allocated_bytes": 5253094400}
{"event": "chunk", "n": 1024, "first": 48, "last": 56, "elapsed_seconds": 0.4133705757558346, "allocated_bytes": 5253094400}
{"event": "chunk", "n": 1024, "first": 56, "last": 64, "elapsed_seconds": 0.47248996421694756, "allocated_bytes": 5253094400}
{"event": "chunk", "n": 1024, "first": 64, "last": 72, "elapsed_seconds": 0.5315872356295586, "allocated_bytes": 5253094400}
{"event": "chunk", "n": 1024, "first": 72, "last": 80, "elapsed_seconds": 0.5907073803246021, "allocated_bytes": 5253094400}
{"event": "chunk", "n": 1024, "first": 80, "last": 88, "elapsed_seconds": 0.6498278267681599, "allocated_bytes": 5253094400}
{"event": "chunk", "n": 1024, "first": 88, "last": 96, "elapsed_seconds": 0.7089187018573284, "allocated_bytes": 5253094400}
{"event": "chunk", "n": 1024, "first": 96, "last": 104, "elapsed_seconds": 0.7684543952345848, "allocated_bytes": 5253094400}
{"event": "chunk", "n": 1024, "first": 104, "last": 112, "elapsed_seconds": 0.8275380469858646, "allocated_bytes": 5253094400}
{"event": "chunk", "n": 1024, "first": 112, "last": 120, "elapsed_seconds": 0.886660024523735, "allocated_bytes": 5253094400}
{"event": "chunk", "n": 1024, "first": 120, "last": 128, "elapsed_seconds": 0.9457541033625603, "allocated_bytes": 5253094400}
{"event": "chunk", "n": 1024, "first": 128, "last": 136, "elapsed_seconds": 1.0048342756927013, "allocated_bytes": 5253094400}
{"event": "chunk", "n": 1024, "first": 136, "last": 144, "elapsed_seconds": 1.0639593601226807, "allocated_bytes": 5253094400}
{"event": "chunk", "n": 1024, "first": 144, "last": 152, "elapsed_seconds": 1.1230270937085152, "allocated_bytes": 5253094400}
{"event": "chunk", "n": 1024, "first": 152, "last": 160, "elapsed_seconds": 1.1821352690458298, "allocated_bytes": 5253094400}
{"event": "chunk", "n": 1024, "first": 160, "last": 168, "elapsed_seconds": 1.241216003894806, "allocated_bytes": 5253094400}
{"event": "chunk", "n": 1024, "first": 168, "last": 176, "elapsed_seconds": 1.3003255985677242, "allocated_bytes": 5253094400}
{"event": "chunk", "n": 1024, "first": 176, "last": 184, "elapsed_seconds": 1.3594265766441822, "allocated_bytes": 5253094400}
{"event": "chunk", "n": 1024, "first": 184, "last": 192, "elapsed_seconds": 1.4185315445065498, "allocated_bytes": 5253094400}
{"event": "chunk", "n": 1024, "first": 192, "last": 200, "elapsed_seconds": 1.4776495434343815, "allocated_bytes": 5253094400}
{"event": "chunk", "n": 1024, "first": 200, "last": 208, "elapsed_seconds": 1.5367477051913738, "allocated_bytes": 5253094400}
{"event": "chunk", "n": 1024, "first": 208, "last": 216, "elapsed_seconds": 1.595827180892229, "allocated_bytes": 5253094400}
{"event": "chunk", "n": 1024, "first": 216, "last": 224, "elapsed_seconds": 1.654917262494564, "allocated_bytes": 5253094400}
{"event": "chunk", "n": 1024, "first": 224, "last": 232, "elapsed_seconds": 1.7140359319746494, "allocated_bytes": 5253094400}
{"event": "chunk", "n": 1024, "first": 232, "last": 240, "elapsed_seconds": 1.7731198631227016, "allocated_bytes": 5253094400}
{"event": "chunk", "n": 1024, "first": 240, "last": 248, "elapsed_seconds": 1.8322182409465313, "allocated_bytes": 5253094400}
{"event": "chunk", "n": 1024, "first": 248, "last": 256, "elapsed_seconds": 1.8917943052947521, "allocated_bytes": 5253094400}
{"event": "chunk", "n": 1024, "first": 256, "last": 264, "elapsed_seconds": 1.9510726816952229, "allocated_bytes": 5253094400}
{"event": "chunk", "n": 1024, "first": 264, "last": 272, "elapsed_seconds": 2.0101762525737286, "allocated_bytes": 5253094400}
{"event": "chunk", "n": 1024, "first": 272, "last": 280, "elapsed_seconds": 2.069355394691229, "allocated_bytes": 5253094400}
{"event": "chunk", "n": 1024, "first": 280, "last": 288, "elapsed_seconds": 2.128538776189089, "allocated_bytes": 5253094400}
{"event": "chunk", "n": 1024, "first": 288, "last": 296, "elapsed_seconds": 2.1876857466995716, "allocated_bytes": 5253094400}
{"event": "chunk", "n": 1024, "first": 296, "last": 304, "elapsed_seconds": 2.246836107224226, "allocated_bytes": 5253094400}
{"event": "chunk", "n": 1024, "first": 304, "last": 312, "elapsed_seconds": 2.30593329295516, "allocated_bytes": 5253094400}
{"event": "chunk", "n": 1024, "first": 312, "last": 320, "elapsed_seconds": 2.365071039646864, "allocated_bytes": 5253094400}
{"event": "chunk", "n": 1024, "first": 320, "last": 328, "elapsed_seconds": 2.42421755194664, "allocated_bytes": 5253094400}
{"event": "chunk", "n": 1024, "first": 328, "last": 336, "elapsed_seconds": 2.483356110751629, "allocated_bytes": 5253094400}
{"event": "chunk", "n": 1024, "first": 336, "last": 344, "elapsed_seconds": 2.542460076510906, "allocated_bytes": 5253094400}
{"event": "chunk", "n": 1024, "first": 344, "last": 352, "elapsed_seconds": 2.6016112826764584, "allocated_bytes": 5253094400}
{"event": "chunk", "n": 1024, "first": 352, "last": 360, "elapsed_seconds": 2.660769756883383, "allocated_bytes": 5253094400}
{"event": "chunk", "n": 1024, "first": 360, "last": 368, "elapsed_seconds": 2.7198987528681755, "allocated_bytes": 5253094400}
{"event": "chunk", "n": 1024, "first": 368, "last": 376, "elapsed_seconds": 2.7790304012596607, "allocated_bytes": 5253094400}
{"event": "chunk", "n": 1024, "first": 376, "last": 384, "elapsed_seconds": 2.838166080415249, "allocated_bytes": 5253094400}
{"event": "chunk", "n": 1024, "first": 384, "last": 392, "elapsed_seconds": 2.8972670286893845, "allocated_bytes": 5253094400}
{"event": "chunk", "n": 1024, "first": 392, "last": 400, "elapsed_seconds": 2.956394638866186, "allocated_bytes": 5253094400}
{"event": "chunk", "n": 1024, "first": 400, "last": 408, "elapsed_seconds": 3.015504326671362, "allocated_bytes": 5253094400}
{"event": "chunk", "n": 1024, "first": 408, "last": 416, "elapsed_seconds": 3.074651449918747, "allocated_bytes": 5253094400}
{"event": "chunk", "n": 1024, "first": 416, "last": 424, "elapsed_seconds": 3.1339002437889576, "allocated_bytes": 5253094400}
{"event": "chunk", "n": 1024, "first": 424, "last": 432, "elapsed_seconds": 3.193510439246893, "allocated_bytes": 5253094400}
{"event": "chunk", "n": 1024, "first": 432, "last": 440, "elapsed_seconds": 3.252679079771042, "allocated_bytes": 5253094400}
{"event": "chunk", "n": 1024, "first": 440, "last": 448, "elapsed_seconds": 3.311860755085945, "allocated_bytes": 5253094400}
{"event": "chunk", "n": 1024, "first": 448, "last": 456, "elapsed_seconds": 3.3709856308996677, "allocated_bytes": 5253094400}
{"event": "chunk", "n": 1024, "first": 456, "last": 464, "elapsed_seconds": 3.430165033787489, "allocated_bytes": 5253094400}
{"event": "chunk", "n": 1024, "first": 464, "last": 472, "elapsed_seconds": 3.489300526678562, "allocated_bytes": 5253094400}
{"event": "chunk", "n": 1024, "first": 472, "last": 480, "elapsed_seconds": 3.548442021012306, "allocated_bytes": 5253094400}
{"event": "chunk", "n": 1024, "first": 480, "last": 488, "elapsed_seconds": 3.607596840709448, "allocated_bytes": 5253094400}
{"event": "chunk", "n": 1024, "first": 488, "last": 496, "elapsed_seconds": 3.666769303381443, "allocated_bytes": 5253094400}
{"event": "chunk", "n": 1024, "first": 496, "last": 504, "elapsed_seconds": 3.7259185574948788, "allocated_bytes": 5253094400}
{"event": "chunk", "n": 1024, "first": 504, "last": 512, "elapsed_seconds": 3.785134956240654, "allocated_bytes": 5253094400}
{"event": "chunk", "n": 1024, "first": 512, "last": 520, "elapsed_seconds": 3.8443104028701782, "allocated_bytes": 5253094400}
{"event": "chunk", "n": 1024, "first": 520, "last": 528, "elapsed_seconds": 3.9034355245530605, "allocated_bytes": 5253094400}
{"event": "chunk", "n": 1024, "first": 528, "last": 536, "elapsed_seconds": 3.962558213621378, "allocated_bytes": 5253094400}
{"event": "chunk", "n": 1024, "first": 536, "last": 544, "elapsed_seconds": 4.021708007901907, "allocated_bytes": 5253094400}
{"event": "chunk", "n": 1024, "first": 544, "last": 552, "elapsed_seconds": 4.080851953476667, "allocated_bytes": 5253094400}
{"event": "chunk", "n": 1024, "first": 552, "last": 560, "elapsed_seconds": 4.139991510659456, "allocated_bytes": 5253094400}
{"event": "chunk", "n": 1024, "first": 560, "last": 568, "elapsed_seconds": 4.199143178761005, "allocated_bytes": 5253094400}
{"event": "chunk", "n": 1024, "first": 568, "last": 576, "elapsed_seconds": 4.2583141177892685, "allocated_bytes": 5253094400}
{"event": "chunk", "n": 1024, "first": 576, "last": 584, "elapsed_seconds": 4.317505232989788, "allocated_bytes": 5253094400}
{"event": "chunk", "n": 1024, "first": 584, "last": 592, "elapsed_seconds": 4.376660831272602, "allocated_bytes": 5253094400}
{"event": "chunk", "n": 1024, "first": 592, "last": 600, "elapsed_seconds": 4.436232145875692, "allocated_bytes": 5253094400}
{"event": "chunk", "n": 1024, "first": 600, "last": 608, "elapsed_seconds": 4.495402831584215, "allocated_bytes": 5253094400}
{"event": "chunk", "n": 1024, "first": 608, "last": 616, "elapsed_seconds": 4.554534934461117, "allocated_bytes": 5253094400}
{"event": "chunk", "n": 1024, "first": 616, "last": 624, "elapsed_seconds": 4.613630943000317, "allocated_bytes": 5253094400}
{"event": "chunk", "n": 1024, "first": 624, "last": 632, "elapsed_seconds": 4.672782238572836, "allocated_bytes": 5253094400}
{"event": "chunk", "n": 1024, "first": 632, "last": 640, "elapsed_seconds": 4.731962617486715, "allocated_bytes": 5253094400}
{"event": "chunk", "n": 1024, "first": 640, "last": 648, "elapsed_seconds": 4.79108402505517, "allocated_bytes": 5253094400}
{"event": "chunk", "n": 1024, "first": 648, "last": 656, "elapsed_seconds": 4.8502156883478165, "allocated_bytes": 5253094400}
{"event": "chunk", "n": 1024, "first": 656, "last": 664, "elapsed_seconds": 4.909414656460285, "allocated_bytes": 5253094400}
{"event": "chunk", "n": 1024, "first": 664, "last": 672, "elapsed_seconds": 4.96856052801013, "allocated_bytes": 5253094400}
{"event": "chunk", "n": 1024, "first": 672, "last": 680, "elapsed_seconds": 5.027687452733517, "allocated_bytes": 5253094400}
{"event": "chunk", "n": 1024, "first": 680, "last": 688, "elapsed_seconds": 5.086809325963259, "allocated_bytes": 5253094400}
{"event": "chunk", "n": 1024, "first": 688, "last": 696, "elapsed_seconds": 5.145950272679329, "allocated_bytes": 5253094400}
{"event": "chunk", "n": 1024, "first": 696, "last": 704, "elapsed_seconds": 5.205086179077625, "allocated_bytes": 5253094400}
{"event": "chunk", "n": 1024, "first": 704, "last": 712, "elapsed_seconds": 5.264242775738239, "allocated_bytes": 5253094400}
{"event": "chunk", "n": 1024, "first": 712, "last": 720, "elapsed_seconds": 5.323345609009266, "allocated_bytes": 5253094400}
{"event": "chunk", "n": 1024, "first": 720, "last": 728, "elapsed_seconds": 5.382430028170347, "allocated_bytes": 5253094400}
{"event": "chunk", "n": 1024, "first": 728, "last": 736, "elapsed_seconds": 5.44158560782671, "allocated_bytes": 5253094400}
{"event": "chunk", "n": 1024, "first": 736, "last": 744, "elapsed_seconds": 5.5007217936217785, "allocated_bytes": 5253094400}
{"event": "chunk", "n": 1024, "first": 744, "last": 752, "elapsed_seconds": 5.559887375682592, "allocated_bytes": 5253094400}
{"event": "chunk", "n": 1024, "first": 752, "last": 760, "elapsed_seconds": 5.619070913642645, "allocated_bytes": 5253094400}
{"event": "chunk", "n": 1024, "first": 760, "last": 768, "elapsed_seconds": 5.678366489708424, "allocated_bytes": 5253094400}
{"event": "chunk", "n": 1024, "first": 768, "last": 776, "elapsed_seconds": 5.737880777567625, "allocated_bytes": 5253094400}
{"event": "chunk", "n": 1024, "first": 776, "last": 784, "elapsed_seconds": 5.797066777944565, "allocated_bytes": 5253094400}
{"event": "chunk", "n": 1024, "first": 784, "last": 792, "elapsed_seconds": 5.856264751404524, "allocated_bytes": 5253094400}
{"event": "chunk", "n": 1024, "first": 792, "last": 800, "elapsed_seconds": 5.915464352816343, "allocated_bytes": 5253094400}
{"event": "chunk", "n": 1024, "first": 800, "last": 808, "elapsed_seconds": 5.974641501903534, "allocated_bytes": 5253094400}
{"event": "chunk", "n": 1024, "first": 808, "last": 816, "elapsed_seconds": 6.033851761370897, "allocated_bytes": 5253094400}
{"event": "chunk", "n": 1024, "first": 816, "last": 824, "elapsed_seconds": 6.093035414814949, "allocated_bytes": 5253094400}
{"event": "chunk", "n": 1024, "first": 824, "last": 832, "elapsed_seconds": 6.152195248752832, "allocated_bytes": 5253094400}
{"event": "chunk", "n": 1024, "first": 832, "last": 840, "elapsed_seconds": 6.21135925129056, "allocated_bytes": 5253094400}
{"event": "chunk", "n": 1024, "first": 840, "last": 848, "elapsed_seconds": 6.270499214529991, "allocated_bytes": 5253094400}
{"event": "chunk", "n": 1024, "first": 848, "last": 856, "elapsed_seconds": 6.329675700515509, "allocated_bytes": 5253094400}
{"event": "chunk", "n": 1024, "first": 856, "last": 864, "elapsed_seconds": 6.388907123357058, "allocated_bytes": 5253094400}
{"event": "chunk", "n": 1024, "first": 864, "last": 872, "elapsed_seconds": 6.448015827685595, "allocated_bytes": 5253094400}
{"event": "chunk", "n": 1024, "first": 872, "last": 880, "elapsed_seconds": 6.5071572326123714, "allocated_bytes": 5253094400}
{"event": "chunk", "n": 1024, "first": 880, "last": 888, "elapsed_seconds": 6.566295601427555, "allocated_bytes": 5253094400}
{"event": "chunk", "n": 1024, "first": 888, "last": 896, "elapsed_seconds": 6.625457432121038, "allocated_bytes": 5253094400}
{"event": "chunk", "n": 1024, "first": 896, "last": 904, "elapsed_seconds": 6.68458853662014, "allocated_bytes": 5253094400}
{"event": "chunk", "n": 1024, "first": 904, "last": 912, "elapsed_seconds": 6.743728913366795, "allocated_bytes": 5253094400}
{"event": "chunk", "n": 1024, "first": 912, "last": 920, "elapsed_seconds": 6.8028487749397755, "allocated_bytes": 5253094400}
{"event": "chunk", "n": 1024, "first": 920, "last": 928, "elapsed_seconds": 6.862399812787771, "allocated_bytes": 5253094400}
{"event": "chunk", "n": 1024, "first": 928, "last": 936, "elapsed_seconds": 6.921537559479475, "allocated_bytes": 5253094400}
{"event": "chunk", "n": 1024, "first": 936, "last": 944, "elapsed_seconds": 6.98063724860549, "allocated_bytes": 5253094400}
{"event": "chunk", "n": 1024, "first": 944, "last": 952, "elapsed_seconds": 7.03975697234273, "allocated_bytes": 5253094400}
{"event": "chunk", "n": 1024, "first": 952, "last": 960, "elapsed_seconds": 7.098876900970936, "allocated_bytes": 5253094400}
{"event": "chunk", "n": 1024, "first": 960, "last": 968, "elapsed_seconds": 7.157992273569107, "allocated_bytes": 5253094400}
{"event": "chunk", "n": 1024, "first": 968, "last": 976, "elapsed_seconds": 7.2171323373913765, "allocated_bytes": 5253094400}
{"event": "chunk", "n": 1024, "first": 976, "last": 984, "elapsed_seconds": 7.276278350502253, "allocated_bytes": 5253094400}
{"event": "chunk", "n": 1024, "first": 984, "last": 992, "elapsed_seconds": 7.335417117923498, "allocated_bytes": 5253094400}
{"event": "chunk", "n": 1024, "first": 992, "last": 1000, "elapsed_seconds": 7.39452513307333, "allocated_bytes": 5253094400}
{"event": "chunk", "n": 1024, "first": 1000, "last": 1008, "elapsed_seconds": 7.453674528747797, "allocated_bytes": 5253094400}
{"event": "chunk", "n": 1024, "first": 1008, "last": 1016, "elapsed_seconds": 7.512862715870142, "allocated_bytes": 5253094400}
{"event": "chunk", "n": 1024, "first": 1016, "last": 1024, "elapsed_seconds": 7.572193555533886, "allocated_bytes": 5253094400}
{"event": "case", "n": 1024, "dtype": "torch.bfloat16", "dim": 32, "checks": {"output": {"relative_l2": 0.0019266644370996963, "max_abs": 0.006887698129490083, "zero_max_abs": 0.0, "rounded_zero_reference_max_abs": 1.7805819715109433e-05, "finite": true, "passed": true}, "dq": {"relative_l2": 0.002439811920831606, "max_abs": 0.010920619764950068, "zero_max_abs": 0.0, "rounded_zero_reference_max_abs": 0.0, "finite": true, "passed": true}, "dk": {"relative_l2": 0.002359048261044735, "max_abs": 0.011590039495187554, "zero_max_abs": 0.0, "rounded_zero_reference_max_abs": 0.0, "finite": true, "passed": true}, "dv": {"relative_l2": 0.0022818643550052385, "max_abs": 0.2448577880859375, "zero_max_abs": 0.0, "rounded_zero_reference_max_abs": 8.890223742778975e-05, "finite": true, "passed": true}, "db": {"relative_l2": 0.0016745979083223267, "max_abs": 0.06926344768732307, "zero_max_abs": 0.0, "rounded_zero_reference_max_abs": 0.0, "finite": true, "passed": true}}, "passed": true, "candidate_seconds": 0.054710566997528076, "reference_seconds": 7.573930900543928, "candidate_peak_allocated_bytes": 5203844096, "total_peak_allocated_bytes": 7333469184, "peak_reserved_bytes": 7369392128}
{"event": "summary", "requested_cases": 5, "completed_cases": 5, "failures": 0, "passed": true, "api": "low-memory", "dtype": "bf16", "dim": 32}
