{"event": "start", "args": {"shapes": "512,800,1024", "dim": 32, "dtype": "bf16", "api": "low-memory", "chunk_i": 128, "reference_chunk": 8, "benchmark_inputs": false}, "seed": "20260921+n", "dtype": "torch.bfloat16", "batch": 1, "heads": 8, "dim": 32, "relative_limit": 0.012, "zero_atol": 2e-05, "mask_fill": -10000.0, "torch": "2.13.0a0+9186a08b2c.nv26.07", "device": "NVIDIA H20-3e", "reference": "independent FP64 matmul/finite-mask/softmax/autograd, chunked over i", "sources": {"scripts/validate_fused.py": "04f70575a4430d4485de2b87aab6513311ce83f313a1fcdb6a942f6a9b82b04f", "src/trifast/__init__.py": "7991e4899fe05dabd35c0ba453c516f9a22a7f1b7d7b6937441d202bf1fc8caf", "src/trifast/_fused_backward.py": "9e33a79b0d08b30da60eb950b1bf13a00c5dff5c099cd8d39a175a605c0fc13e", "src/trifast/_fused_chunked.py": "51e65840750d9faf5412029e519281a569f5e5a93277fdc5fccfb68e531e12e2", "src/trifast/_fused_dispatch.py": "add438fee965ecd1dffb830fc12e5d811d2ba39f952a1147870bccc9533e5e59", "src/trifast/_fused_forward.py": "e6a1799644ea731829f1995225ed6ac6ce81f7af4f3f360176d5d9879df9d16e", "src/trifast/autotune.py": "0909cf562b06259aae34986a5d826e4c8fb2860816689b6b6ba56be3a44595b9", "src/trifast/autotune_helpers.py": "8bfc1a3c2ec06c001188766b6231523cb767466c22d6fbcae2089f2a410e9b9a", "src/trifast/equiv.py": "d8b293f80a605d4912704ae35e9b60b8dbe18c83e81c8be85657afc58a197097", "src/trifast/fused_api.py": "474ad68aecc5e4d29ced3daee8b88dee021dde75335c4ceb459a58463a723343", "src/trifast/fused_low_memory_api.py": "3f4d3035d569d4717951ca6651f1af01d448c461a933d4d6d4933cdf01c1e92e", "src/trifast/torch.py": "ccbd6dabc51f89132b4f0ce17506376a83484a5430f210b5bd7b23ef02641d72", "src/trifast/triton.py": "e71e3f7493e10235efd9b4a63ba5e4940f8e27bd84b5959d51dda2964e1849a9", "src/trifast/tune.py": "e960cf5e0074c8481211d754d8db24831b6b7d9f75fcab589b7bbe73c361e132", "src/trifast/utils.py": "59be46971a782cae0ade81747b553ce7b4669879890d023e0caf0f3852dcf212"}}
{"event": "chunk", "n": 512, "first": 0, "last": 8, "elapsed_seconds": 0.21476676315069199, "allocated_bytes": 1392771072}
{"event": "chunk", "n": 512, "first": 8, "last": 16, "elapsed_seconds": 0.2313503958284855, "allocated_bytes": 1392771072}
{"event": "chunk", "n": 512, "first": 16, "last": 24, "elapsed_seconds": 0.24763502180576324, "allocated_bytes": 1392771072}
{"event": "chunk", "n": 512, "first": 24, "last": 32, "elapsed_seconds": 0.2639126107096672, "allocated_bytes": 1392771072}
{"event": "chunk", "n": 512, "first": 32, "last": 40, "elapsed_seconds": 0.2804306298494339, "allocated_bytes": 1392771072}
{"event": "chunk", "n": 512, "first": 40, "last": 48, "elapsed_seconds": 0.29665765911340714, "allocated_bytes": 1392771072}
{"event": "chunk", "n": 512, "first": 48, "last": 56, "elapsed_seconds": 0.3129117898643017, "allocated_bytes": 1392771072}
{"event": "chunk", "n": 512, "first": 56, "last": 64, "elapsed_seconds": 0.3291765861213207, "allocated_bytes": 1392771072}
{"event": "chunk", "n": 512, "first": 64, "last": 72, "elapsed_seconds": 0.3453989699482918, "allocated_bytes": 1392771072}
{"event": "chunk", "n": 512, "first": 72, "last": 80, "elapsed_seconds": 0.3616580069065094, "allocated_bytes": 1392771072}
{"event": "chunk", "n": 512, "first": 80, "last": 88, "elapsed_seconds": 0.377892442047596, "allocated_bytes": 1392771072}
{"event": "chunk", "n": 512, "first": 88, "last": 96, "elapsed_seconds": 0.3941391780972481, "allocated_bytes": 1392771072}
{"event": "chunk", "n": 512, "first": 96, "last": 104, "elapsed_seconds": 0.41040048003196716, "allocated_bytes": 1392771072}
{"event": "chunk", "n": 512, "first": 104, "last": 112, "elapsed_seconds": 0.4266696460545063, "allocated_bytes": 1392771072}
{"event": "chunk", "n": 512, "first": 112, "last": 120, "elapsed_seconds": 0.4428817518055439, "allocated_bytes": 1392771072}
{"event": "chunk", "n": 512, "first": 120, "last": 128, "elapsed_seconds": 0.4591153413057327, "allocated_bytes": 1392771072}
{"event": "chunk", "n": 512, "first": 128, "last": 136, "elapsed_seconds": 0.4753384664654732, "allocated_bytes": 1392771072}
{"event": "chunk", "n": 512, "first": 136, "last": 144, "elapsed_seconds": 0.49157995358109474, "allocated_bytes": 1392771072}
{"event": "chunk", "n": 512, "first": 144, "last": 152, "elapsed_seconds": 0.5078122578561306, "allocated_bytes": 1392771072}
{"event": "chunk", "n": 512, "first": 152, "last": 160, "elapsed_seconds": 0.5240357480943203, "allocated_bytes": 1392771072}
{"event": "chunk", "n": 512, "first": 160, "last": 168, "elapsed_seconds": 0.5402326136827469, "allocated_bytes": 1392771072}
{"event": "chunk", "n": 512, "first": 168, "last": 176, "elapsed_seconds": 0.5564271248877048, "allocated_bytes": 1392771072}
{"event": "chunk", "n": 512, "first": 176, "last": 184, "elapsed_seconds": 0.5726480670273304, "allocated_bytes": 1392771072}
{"event": "chunk", "n": 512, "first": 184, "last": 192, "elapsed_seconds": 0.5888742059469223, "allocated_bytes": 1392771072}
{"event": "chunk", "n": 512, "first": 192, "last": 200, "elapsed_seconds": 0.605085376650095, "allocated_bytes": 1392771072}
{"event": "chunk", "n": 512, "first": 200, "last": 208, "elapsed_seconds": 0.6213088184595108, "allocated_bytes": 1392771072}
{"event": "chunk", "n": 512, "first": 208, "last": 216, "elapsed_seconds": 0.6375227868556976, "allocated_bytes": 1392771072}
{"event": "chunk", "n": 512, "first": 216, "last": 224, "elapsed_seconds": 0.6540000438690186, "allocated_bytes": 1392771072}
{"event": "chunk", "n": 512, "first": 224, "last": 232, "elapsed_seconds": 0.6702074594795704, "allocated_bytes": 1392771072}
{"event": "chunk", "n": 512, "first": 232, "last": 240, "elapsed_seconds": 0.6864094957709312, "allocated_bytes": 1392771072}
{"event": "chunk", "n": 512, "first": 240, "last": 248, "elapsed_seconds": 0.7026195898652077, "allocated_bytes": 1392771072}
{"event": "chunk", "n": 512, "first": 248, "last": 256, "elapsed_seconds": 0.7188335582613945, "allocated_bytes": 1392771072}
{"event": "chunk", "n": 512, "first": 256, "last": 264, "elapsed_seconds": 0.7351907677948475, "allocated_bytes": 1392771072}
{"event": "chunk", "n": 512, "first": 264, "last": 272, "elapsed_seconds": 0.7515081018209457, "allocated_bytes": 1392771072}
{"event": "chunk", "n": 512, "first": 272, "last": 280, "elapsed_seconds": 0.7677477709949017, "allocated_bytes": 1392771072}
{"event": "chunk", "n": 512, "first": 280, "last": 288, "elapsed_seconds": 0.7839679196476936, "allocated_bytes": 1392771072}
{"event": "chunk", "n": 512, "first": 288, "last": 296, "elapsed_seconds": 0.8001995794475079, "allocated_bytes": 1392771072}
{"event": "chunk", "n": 512, "first": 296, "last": 304, "elapsed_seconds": 0.8164589628577232, "allocated_bytes": 1392771072}
{"event": "chunk", "n": 512, "first": 304, "last": 312, "elapsed_seconds": 0.8326456435024738, "allocated_bytes": 1392771072}
{"event": "chunk", "n": 512, "first": 312, "last": 320, "elapsed_seconds": 0.8488694243133068, "allocated_bytes": 1392771072}
{"event": "chunk", "n": 512, "first": 320, "last": 328, "elapsed_seconds": 0.865066159516573, "allocated_bytes": 1392771072}
{"event": "chunk", "n": 512, "first": 328, "last": 336, "elapsed_seconds": 0.8813007101416588, "allocated_bytes": 1392771072}
{"event": "chunk", "n": 512, "first": 336, "last": 344, "elapsed_seconds": 0.8975439369678497, "allocated_bytes": 1392771072}
{"event": "chunk", "n": 512, "first": 344, "last": 352, "elapsed_seconds": 0.9137642458081245, "allocated_bytes": 1392771072}
{"event": "chunk", "n": 512, "first": 352, "last": 360, "elapsed_seconds": 0.9299628026783466, "allocated_bytes": 1392771072}
{"event": "chunk", "n": 512, "first": 360, "last": 368, "elapsed_seconds": 0.9464560076594353, "allocated_bytes": 1392771072}
{"event": "chunk", "n": 512, "first": 368, "last": 376, "elapsed_seconds": 0.9626533202826977, "allocated_bytes": 1392771072}
{"event": "chunk", "n": 512, "first": 376, "last": 384, "elapsed_seconds": 0.9788698256015778, "allocated_bytes": 1392771072}
{"event": "chunk", "n": 512, "first": 384, "last": 392, "elapsed_seconds": 0.9950798079371452, "allocated_bytes": 1392771072}
{"event": "chunk", "n": 512, "first": 392, "last": 400, "elapsed_seconds": 1.0113203302025795, "allocated_bytes": 1392771072}
{"event": "chunk", "n": 512, "first": 400, "last": 408, "elapsed_seconds": 1.0275419615209103, "allocated_bytes": 1392771072}
{"event": "chunk", "n": 512, "first": 408, "last": 416, "elapsed_seconds": 1.043751809746027, "allocated_bytes": 1392771072}
{"event": "chunk", "n": 512, "first": 416, "last": 424, "elapsed_seconds": 1.0599557384848595, "allocated_bytes": 1392771072}
{"event": "chunk", "n": 512, "first": 424, "last": 432, "elapsed_seconds": 1.0761750228703022, "allocated_bytes": 1392771072}
{"event": "chunk", "n": 512, "first": 432, "last": 440, "elapsed_seconds": 1.0923837535083294, "allocated_bytes": 1392771072}
{"event": "chunk", "n": 512, "first": 440, "last": 448, "elapsed_seconds": 1.108591515570879, "allocated_bytes": 1392771072}
{"event": "chunk", "n": 512, "first": 448, "last": 456, "elapsed_seconds": 1.1247785054147243, "allocated_bytes": 1392771072}
{"event": "chunk", "n": 512, "first": 456, "last": 464, "elapsed_seconds": 1.1409755200147629, "allocated_bytes": 1392771072}
{"event": "chunk", "n": 512, "first": 464, "last": 472, "elapsed_seconds": 1.1571935378015041, "allocated_bytes": 1392771072}
{"event": "chunk", "n": 512, "first": 472, "last": 480, "elapsed_seconds": 1.1733960397541523, "allocated_bytes": 1392771072}
{"event": "chunk", "n": 512, "first": 480, "last": 488, "elapsed_seconds": 1.1895879730582237, "allocated_bytes": 1392771072}
{"event": "chunk", "n": 512, "first": 488, "last": 496, "elapsed_seconds": 1.2058471627533436, "allocated_bytes": 1392771072}
{"event": "chunk", "n": 512, "first": 496, "last": 504, "elapsed_seconds": 1.2220571301877499, "allocated_bytes": 1392771072}
{"event": "chunk", "n": 512, "first": 504, "last": 512, "elapsed_seconds": 1.2382647842168808, "allocated_bytes": 1392771072}
{"event": "case", "n": 512, "dtype": "torch.bfloat16", "dim": 32, "checks": {"output": {"relative_l2": 0.0018691542647122133, "max_abs": 0.007663613479505393, "zero_max_abs": 0.0, "rounded_zero_reference_max_abs": 0.0, "finite": true, "passed": true}, "dq": {"relative_l2": 0.002447493009614953, "max_abs": 0.012745628075178678, "zero_max_abs": 0.0, "rounded_zero_reference_max_abs": 1.7520674153324536e-05, "finite": true, "passed": true}, "dk": {"relative_l2": 0.002369975563412977, "max_abs": 0.012234803495527746, "zero_max_abs": 0.0, "rounded_zero_reference_max_abs": 9.911571537437694e-05, "finite": true, "passed": true}, "dv": {"relative_l2": 0.0022814259798095743, "max_abs": 0.1199493408203125, "zero_max_abs": 0.0, "rounded_zero_reference_max_abs": 0.0, "finite": true, "passed": true}, "db": {"relative_l2": 0.0016843056680215301, "max_abs": 0.06254774906324556, "zero_max_abs": 0.0, "rounded_zero_reference_max_abs": 0.0, "finite": true, "passed": true}}, "passed": true, "candidate_seconds": 4.4827781021595, "reference_seconds": 1.2391728609800339, "candidate_peak_allocated_bytes": 1317814272, "total_peak_allocated_bytes": 1912864768, "peak_reserved_bytes": 1933574144}
{"event": "chunk", "n": 800, "first": 0, "last": 8, "elapsed_seconds": 0.038058385252952576, "allocated_bytes": 3251979264}
{"event": "chunk", "n": 800, "first": 8, "last": 16, "elapsed_seconds": 0.07661620527505875, "allocated_bytes": 3251979264}
{"event": "chunk", "n": 800, "first": 16, "last": 24, "elapsed_seconds": 0.11515901982784271, "allocated_bytes": 3251979264}
{"event": "chunk", "n": 800, "first": 24, "last": 32, "elapsed_seconds": 0.1536872535943985, "allocated_bytes": 3251979264}
{"event": "chunk", "n": 800, "first": 32, "last": 40, "elapsed_seconds": 0.19217431545257568, "allocated_bytes": 3251979264}
{"event": "chunk", "n": 800, "first": 40, "last": 48, "elapsed_seconds": 0.23068508505821228, "allocated_bytes": 3251979264}
{"event": "chunk", "n": 800, "first": 48, "last": 56, "elapsed_seconds": 0.269216176122427, "allocated_bytes": 3251979264}
{"event": "chunk", "n": 800, "first": 56, "last": 64, "elapsed_seconds": 0.3080451823771, "allocated_bytes": 3251979264}
{"event": "chunk", "n": 800, "first": 64, "last": 72, "elapsed_seconds": 0.34672942385077477, "allocated_bytes": 3251979264}
{"event": "chunk", "n": 800, "first": 72, "last": 80, "elapsed_seconds": 0.385255791246891, "allocated_bytes": 3251979264}
{"event": "chunk", "n": 800, "first": 80, "last": 88, "elapsed_seconds": 0.42376524582505226, "allocated_bytes": 3251979264}
{"event": "chunk", "n": 800, "first": 88, "last": 96, "elapsed_seconds": 0.46228402107954025, "allocated_bytes": 3251979264}
{"event": "chunk", "n": 800, "first": 96, "last": 104, "elapsed_seconds": 0.5008306503295898, "allocated_bytes": 3251979264}
{"event": "chunk", "n": 800, "first": 104, "last": 112, "elapsed_seconds": 0.53937903419137, "allocated_bytes": 3251979264}
{"event": "chunk", "n": 800, "first": 112, "last": 120, "elapsed_seconds": 0.5778908729553223, "allocated_bytes": 3251979264}
{"event": "chunk", "n": 800, "first": 120, "last": 128, "elapsed_seconds": 0.6163757182657719, "allocated_bytes": 3251979264}
{"event": "chunk", "n": 800, "first": 128, "last": 136, "elapsed_seconds": 0.6548892147839069, "allocated_bytes": 3251979264}
{"event": "chunk", "n": 800, "first": 136, "last": 144, "elapsed_seconds": 0.6934194378554821, "allocated_bytes": 3251979264}
{"event": "chunk", "n": 800, "first": 144, "last": 152, "elapsed_seconds": 0.7319638468325138, "allocated_bytes": 3251979264}
{"event": "chunk", "n": 800, "first": 152, "last": 160, "elapsed_seconds": 0.7708101831376553, "allocated_bytes": 3251979264}
{"event": "chunk", "n": 800, "first": 160, "last": 168, "elapsed_seconds": 0.8093151189386845, "allocated_bytes": 3251979264}
{"event": "chunk", "n": 800, "first": 168, "last": 176, "elapsed_seconds": 0.8478294797241688, "allocated_bytes": 3251979264}
{"event": "chunk", "n": 800, "first": 176, "last": 184, "elapsed_seconds": 0.8863562718033791, "allocated_bytes": 3251979264}
{"event": "chunk", "n": 800, "first": 184, "last": 192, "elapsed_seconds": 0.924884632229805, "allocated_bytes": 3251979264}
{"event": "chunk", "n": 800, "first": 192, "last": 200, "elapsed_seconds": 0.9633928313851357, "allocated_bytes": 3251979264}
{"event": "chunk", "n": 800, "first": 200, "last": 208, "elapsed_seconds": 1.0018935687839985, "allocated_bytes": 3251979264}
{"event": "chunk", "n": 800, "first": 208, "last": 216, "elapsed_seconds": 1.0403966344892979, "allocated_bytes": 3251979264}
{"event": "chunk", "n": 800, "first": 216, "last": 224, "elapsed_seconds": 1.078908495604992, "allocated_bytes": 3251979264}
{"event": "chunk", "n": 800, "first": 224, "last": 232, "elapsed_seconds": 1.1174492090940475, "allocated_bytes": 3251979264}
{"event": "chunk", "n": 800, "first": 232, "last": 240, "elapsed_seconds": 1.1560706309974194, "allocated_bytes": 3251979264}
{"event": "chunk", "n": 800, "first": 240, "last": 248, "elapsed_seconds": 1.1946032382547855, "allocated_bytes": 3251979264}
{"event": "chunk", "n": 800, "first": 248, "last": 256, "elapsed_seconds": 1.2331094779074192, "allocated_bytes": 3251979264}
{"event": "chunk", "n": 800, "first": 256, "last": 264, "elapsed_seconds": 1.2716418616473675, "allocated_bytes": 3251979264}
{"event": "chunk", "n": 800, "first": 264, "last": 272, "elapsed_seconds": 1.3101814091205597, "allocated_bytes": 3251979264}
{"event": "chunk", "n": 800, "first": 272, "last": 280, "elapsed_seconds": 1.3486863858997822, "allocated_bytes": 3251979264}
{"event": "chunk", "n": 800, "first": 280, "last": 288, "elapsed_seconds": 1.3871862702071667, "allocated_bytes": 3251979264}
{"event": "chunk", "n": 800, "first": 288, "last": 296, "elapsed_seconds": 1.4256902672350407, "allocated_bytes": 3251979264}
{"event": "chunk", "n": 800, "first": 296, "last": 304, "elapsed_seconds": 1.4642200842499733, "allocated_bytes": 3251979264}
{"event": "chunk", "n": 800, "first": 304, "last": 312, "elapsed_seconds": 1.5027903467416763, "allocated_bytes": 3251979264}
{"event": "chunk", "n": 800, "first": 312, "last": 320, "elapsed_seconds": 1.5413413681089878, "allocated_bytes": 3251979264}
{"event": "chunk", "n": 800, "first": 320, "last": 328, "elapsed_seconds": 1.5798480622470379, "allocated_bytes": 3251979264}
{"event": "chunk", "n": 800, "first": 328, "last": 336, "elapsed_seconds": 1.6183332800865173, "allocated_bytes": 3251979264}
{"event": "chunk", "n": 800, "first": 336, "last": 344, "elapsed_seconds": 1.6570028848946095, "allocated_bytes": 3251979264}
{"event": "chunk", "n": 800, "first": 344, "last": 352, "elapsed_seconds": 1.695530228316784, "allocated_bytes": 3251979264}
{"event": "chunk", "n": 800, "first": 352, "last": 360, "elapsed_seconds": 1.7340171039104462, "allocated_bytes": 3251979264}
{"event": "chunk", "n": 800, "first": 360, "last": 368, "elapsed_seconds": 1.7725266441702843, "allocated_bytes": 3251979264}
{"event": "chunk", "n": 800, "first": 368, "last": 376, "elapsed_seconds": 1.811054814606905, "allocated_bytes": 3251979264}
{"event": "chunk", "n": 800, "first": 376, "last": 384, "elapsed_seconds": 1.8495712392032146, "allocated_bytes": 3251979264}
{"event": "chunk", "n": 800, "first": 384, "last": 392, "elapsed_seconds": 1.8881104961037636, "allocated_bytes": 3251979264}
{"event": "chunk", "n": 800, "first": 392, "last": 400, "elapsed_seconds": 1.9267087578773499, "allocated_bytes": 3251979264}
{"event": "chunk", "n": 800, "first": 400, "last": 408, "elapsed_seconds": 1.965250350534916, "allocated_bytes": 3251979264}
{"event": "chunk", "n": 800, "first": 408, "last": 416, "elapsed_seconds": 2.003751877695322, "allocated_bytes": 3251979264}
{"event": "chunk", "n": 800, "first": 416, "last": 424, "elapsed_seconds": 2.042404968291521, "allocated_bytes": 3251979264}
{"event": "chunk", "n": 800, "first": 424, "last": 432, "elapsed_seconds": 2.0810864344239235, "allocated_bytes": 3251979264}
{"event": "chunk", "n": 800, "first": 432, "last": 440, "elapsed_seconds": 2.119635008275509, "allocated_bytes": 3251979264}
{"event": "chunk", "n": 800, "first": 440, "last": 448, "elapsed_seconds": 2.158201150596142, "allocated_bytes": 3251979264}
{"event": "chunk", "n": 800, "first": 448, "last": 456, "elapsed_seconds": 2.1967310085892677, "allocated_bytes": 3251979264}
{"event": "chunk", "n": 800, "first": 456, "last": 464, "elapsed_seconds": 2.235261410474777, "allocated_bytes": 3251979264}
{"event": "chunk", "n": 800, "first": 464, "last": 472, "elapsed_seconds": 2.2737850807607174, "allocated_bytes": 3251979264}
{"event": "chunk", "n": 800, "first": 472, "last": 480, "elapsed_seconds": 2.3123457953333855, "allocated_bytes": 3251979264}
{"event": "chunk", "n": 800, "first": 480, "last": 488, "elapsed_seconds": 2.3512998148798943, "allocated_bytes": 3251979264}
{"event": "chunk", "n": 800, "first": 488, "last": 496, "elapsed_seconds": 2.389803647994995, "allocated_bytes": 3251979264}
{"event": "chunk", "n": 800, "first": 496, "last": 504, "elapsed_seconds": 2.428336102515459, "allocated_bytes": 3251979264}
{"event": "chunk", "n": 800, "first": 504, "last": 512, "elapsed_seconds": 2.466863177716732, "allocated_bytes": 3251979264}
{"event": "chunk", "n": 800, "first": 512, "last": 520, "elapsed_seconds": 2.505410525947809, "allocated_bytes": 3251979264}
{"event": "chunk", "n": 800, "first": 520, "last": 528, "elapsed_seconds": 2.543928410857916, "allocated_bytes": 3251979264}
{"event": "chunk", "n": 800, "first": 528, "last": 536, "elapsed_seconds": 2.582429375499487, "allocated_bytes": 3251979264}
{"event": "chunk", "n": 800, "first": 536, "last": 544, "elapsed_seconds": 2.620908670127392, "allocated_bytes": 3251979264}
{"event": "chunk", "n": 800, "first": 544, "last": 552, "elapsed_seconds": 2.659421991556883, "allocated_bytes": 3251979264}
{"event": "chunk", "n": 800, "first": 552, "last": 560, "elapsed_seconds": 2.6979686059057713, "allocated_bytes": 3251979264}
{"event": "chunk", "n": 800, "first": 560, "last": 568, "elapsed_seconds": 2.736514799296856, "allocated_bytes": 3251979264}
{"event": "chunk", "n": 800, "first": 568, "last": 576, "elapsed_seconds": 2.775015376508236, "allocated_bytes": 3251979264}
{"event": "chunk", "n": 800, "first": 576, "last": 584, "elapsed_seconds": 2.8134814985096455, "allocated_bytes": 3251979264}
{"event": "chunk", "n": 800, "first": 584, "last": 592, "elapsed_seconds": 2.852015420794487, "allocated_bytes": 3251979264}
{"event": "chunk", "n": 800, "first": 592, "last": 600, "elapsed_seconds": 2.890721920877695, "allocated_bytes": 3251979264}
{"event": "chunk", "n": 800, "first": 600, "last": 608, "elapsed_seconds": 2.9294531866908073, "allocated_bytes": 3251979264}
{"event": "chunk", "n": 800, "first": 608, "last": 616, "elapsed_seconds": 2.967946406453848, "allocated_bytes": 3251979264}
{"event": "chunk", "n": 800, "first": 616, "last": 624, "elapsed_seconds": 3.0064657852053642, "allocated_bytes": 3251979264}
{"event": "chunk", "n": 800, "first": 624, "last": 632, "elapsed_seconds": 3.045002479106188, "allocated_bytes": 3251979264}
{"event": "chunk", "n": 800, "first": 632, "last": 640, "elapsed_seconds": 3.0835366249084473, "allocated_bytes": 3251979264}
{"event": "chunk", "n": 800, "first": 640, "last": 648, "elapsed_seconds": 3.1220818273723125, "allocated_bytes": 3251979264}
{"event": "chunk", "n": 800, "first": 648, "last": 656, "elapsed_seconds": 3.1614565663039684, "allocated_bytes": 3251979264}
{"event": "chunk", "n": 800, "first": 656, "last": 664, "elapsed_seconds": 3.2000023387372494, "allocated_bytes": 3251979264}
{"event": "chunk", "n": 800, "first": 664, "last": 672, "elapsed_seconds": 3.2385008856654167, "allocated_bytes": 3251979264}
{"event": "chunk", "n": 800, "first": 672, "last": 680, "elapsed_seconds": 3.2770516350865364, "allocated_bytes": 3251979264}
{"event": "chunk", "n": 800, "first": 680, "last": 688, "elapsed_seconds": 3.3155754171311855, "allocated_bytes": 3251979264}
{"event": "chunk", "n": 800, "first": 688, "last": 696, "elapsed_seconds": 3.3541002236306667, "allocated_bytes": 3251979264}
{"event": "chunk", "n": 800, "first": 696, "last": 704, "elapsed_seconds": 3.392607368528843, "allocated_bytes": 3251979264}
{"event": "chunk", "n": 800, "first": 704, "last": 712, "elapsed_seconds": 3.4310906641185284, "allocated_bytes": 3251979264}
{"event": "chunk", "n": 800, "first": 712, "last": 720, "elapsed_seconds": 3.4696360640227795, "allocated_bytes": 3251979264}
{"event": "chunk", "n": 800, "first": 720, "last": 728, "elapsed_seconds": 3.508172359317541, "allocated_bytes": 3251979264}
{"event": "chunk", "n": 800, "first": 728, "last": 736, "elapsed_seconds": 3.546701405197382, "allocated_bytes": 3251979264}
{"event": "chunk", "n": 800, "first": 736, "last": 744, "elapsed_seconds": 3.585214674472809, "allocated_bytes": 3251979264}
{"event": "chunk", "n": 800, "first": 744, "last": 752, "elapsed_seconds": 3.6237562969326973, "allocated_bytes": 3251979264}
{"event": "chunk", "n": 800, "first": 752, "last": 760, "elapsed_seconds": 3.6623025611042976, "allocated_bytes": 3251979264}
{"event": "chunk", "n": 800, "first": 760, "last": 768, "elapsed_seconds": 3.700857274234295, "allocated_bytes": 3251979264}
{"event": "chunk", "n": 800, "first": 768, "last": 776, "elapsed_seconds": 3.7394340708851814, "allocated_bytes": 3251979264}
{"event": "chunk", "n": 800, "first": 776, "last": 784, "elapsed_seconds": 3.7779504768550396, "allocated_bytes": 3251979264}
{"event": "chunk", "n": 800, "first": 784, "last": 792, "elapsed_seconds": 3.816444505006075, "allocated_bytes": 3251979264}
{"event": "chunk", "n": 800, "first": 792, "last": 800, "elapsed_seconds": 3.8549800142645836, "allocated_bytes": 3251979264}
{"event": "case", "n": 800, "dtype": "torch.bfloat16", "dim": 32, "checks": {"output": {"relative_l2": 0.0019290983069481093, "max_abs": 0.007779596312533332, "zero_max_abs": 0.0, "rounded_zero_reference_max_abs": 0.00014742835348304032, "finite": true, "passed": true}, "dq": {"relative_l2": 0.0024413213319557947, "max_abs": 0.013750393359088786, "zero_max_abs": 0.0, "rounded_zero_reference_max_abs": 0.0, "finite": true, "passed": true}, "dk": {"relative_l2": 0.0023625814020215106, "max_abs": 0.014687289134654335, "zero_max_abs": 0.0, "rounded_zero_reference_max_abs": 0.0, "finite": true, "passed": true}, "dv": {"relative_l2": 0.0022958736252239056, "max_abs": 0.2041015625, "zero_max_abs": 0.0, "rounded_zero_reference_max_abs": 0.0, "finite": true, "passed": true}, "db": {"relative_l2": 0.0016818175553797606, "max_abs": 0.059746108795103225, "zero_max_abs": 0.0, "rounded_zero_reference_max_abs": 0.0, "finite": true, "passed": true}}, "passed": true, "candidate_seconds": 0.06935134157538414, "reference_seconds": 3.856256101280451, "candidate_peak_allocated_bytes": 3226937344, "total_peak_allocated_bytes": 4521739264, "peak_reserved_bytes": 4930404352}
{"event": "chunk", "n": 1024, "first": 0, "last": 8, "elapsed_seconds": 0.05866168811917305, "allocated_bytes": 5252317184}
{"event": "chunk", "n": 1024, "first": 8, "last": 16, "elapsed_seconds": 0.11797254532575607, "allocated_bytes": 5252317184}
{"event": "chunk", "n": 1024, "first": 16, "last": 24, "elapsed_seconds": 0.17704954370856285, "allocated_bytes": 5252317184}
{"event": "chunk", "n": 1024, "first": 24, "last": 32, "elapsed_seconds": 0.23616567999124527, "allocated_bytes": 5252317184}
{"event": "chunk", "n": 1024, "first": 32, "last": 40, "elapsed_seconds": 0.29528163745999336, "allocated_bytes": 5252317184}
{"event": "chunk", "n": 1024, "first": 40, "last": 48, "elapsed_seconds": 0.35440127924084663, "allocated_bytes": 5252317184}
{"event": "chunk", "n": 1024, "first": 48, "last": 56, "elapsed_seconds": 0.4135245271027088, "allocated_bytes": 5252317184}
{"event": "chunk", "n": 1024, "first": 56, "last": 64, "elapsed_seconds": 0.4726182483136654, "allocated_bytes": 5252317184}
{"event": "chunk", "n": 1024, "first": 64, "last": 72, "elapsed_seconds": 0.5317243151366711, "allocated_bytes": 5252317184}
{"event": "chunk", "n": 1024, "first": 72, "last": 80, "elapsed_seconds": 0.5908500477671623, "allocated_bytes": 5252317184}
{"event": "chunk", "n": 1024, "first": 80, "last": 88, "elapsed_seconds": 0.6499302685260773, "allocated_bytes": 5252317184}
{"event": "chunk", "n": 1024, "first": 88, "last": 96, "elapsed_seconds": 0.7090153582394123, "allocated_bytes": 5252317184}
{"event": "chunk", "n": 1024, "first": 96, "last": 104, "elapsed_seconds": 0.7680927999317646, "allocated_bytes": 5252317184}
{"event": "chunk", "n": 1024, "first": 104, "last": 112, "elapsed_seconds": 0.8271675519645214, "allocated_bytes": 5252317184}
{"event": "chunk", "n": 1024, "first": 112, "last": 120, "elapsed_seconds": 0.8862658403813839, "allocated_bytes": 5252317184}
{"event": "chunk", "n": 1024, "first": 120, "last": 128, "elapsed_seconds": 0.9453464783728123, "allocated_bytes": 5252317184}
{"event": "chunk", "n": 1024, "first": 128, "last": 136, "elapsed_seconds": 1.0043997280299664, "allocated_bytes": 5252317184}
{"event": "chunk", "n": 1024, "first": 136, "last": 144, "elapsed_seconds": 1.0635241754353046, "allocated_bytes": 5252317184}
{"event": "chunk", "n": 1024, "first": 144, "last": 152, "elapsed_seconds": 1.1226224079728127, "allocated_bytes": 5252317184}
{"event": "chunk", "n": 1024, "first": 152, "last": 160, "elapsed_seconds": 1.182188704609871, "allocated_bytes": 5252317184}
{"event": "chunk", "n": 1024, "first": 160, "last": 168, "elapsed_seconds": 1.2413298971951008, "allocated_bytes": 5252317184}
{"event": "chunk", "n": 1024, "first": 168, "last": 176, "elapsed_seconds": 1.3004210442304611, "allocated_bytes": 5252317184}
{"event": "chunk", "n": 1024, "first": 176, "last": 184, "elapsed_seconds": 1.3595343008637428, "allocated_bytes": 5252317184}
{"event": "chunk", "n": 1024, "first": 184, "last": 192, "elapsed_seconds": 1.4186384864151478, "allocated_bytes": 5252317184}
{"event": "chunk", "n": 1024, "first": 192, "last": 200, "elapsed_seconds": 1.4777397327125072, "allocated_bytes": 5252317184}
{"event": "chunk", "n": 1024, "first": 200, "last": 208, "elapsed_seconds": 1.536838073283434, "allocated_bytes": 5252317184}
{"event": "chunk", "n": 1024, "first": 208, "last": 216, "elapsed_seconds": 1.5959276892244816, "allocated_bytes": 5252317184}
{"event": "chunk", "n": 1024, "first": 216, "last": 224, "elapsed_seconds": 1.655015703290701, "allocated_bytes": 5252317184}
{"event": "chunk", "n": 1024, "first": 224, "last": 232, "elapsed_seconds": 1.7141196839511395, "allocated_bytes": 5252317184}
{"event": "chunk", "n": 1024, "first": 232, "last": 240, "elapsed_seconds": 1.7732528485357761, "allocated_bytes": 5252317184}
{"event": "chunk", "n": 1024, "first": 240, "last": 248, "elapsed_seconds": 1.8323664627969265, "allocated_bytes": 5252317184}
{"event": "chunk", "n": 1024, "first": 248, "last": 256, "elapsed_seconds": 1.8914650827646255, "allocated_bytes": 5252317184}
{"event": "chunk", "n": 1024, "first": 256, "last": 264, "elapsed_seconds": 1.9506078772246838, "allocated_bytes": 5252317184}
{"event": "chunk", "n": 1024, "first": 264, "last": 272, "elapsed_seconds": 2.009709119796753, "allocated_bytes": 5252317184}
{"event": "chunk", "n": 1024, "first": 272, "last": 280, "elapsed_seconds": 2.0687857195734978, "allocated_bytes": 5252317184}
{"event": "chunk", "n": 1024, "first": 280, "last": 288, "elapsed_seconds": 2.127871334552765, "allocated_bytes": 5252317184}
{"event": "chunk", "n": 1024, "first": 288, "last": 296, "elapsed_seconds": 2.1869752146303654, "allocated_bytes": 5252317184}
{"event": "chunk", "n": 1024, "first": 296, "last": 304, "elapsed_seconds": 2.246093064546585, "allocated_bytes": 5252317184}
{"event": "chunk", "n": 1024, "first": 304, "last": 312, "elapsed_seconds": 2.305265549570322, "allocated_bytes": 5252317184}
{"event": "chunk", "n": 1024, "first": 312, "last": 320, "elapsed_seconds": 2.364565595984459, "allocated_bytes": 5252317184}
{"event": "chunk", "n": 1024, "first": 320, "last": 328, "elapsed_seconds": 2.4236753284931183, "allocated_bytes": 5252317184}
{"event": "chunk", "n": 1024, "first": 328, "last": 336, "elapsed_seconds": 2.482766281813383, "allocated_bytes": 5252317184}
{"event": "chunk", "n": 1024, "first": 336, "last": 344, "elapsed_seconds": 2.5418772846460342, "allocated_bytes": 5252317184}
{"event": "chunk", "n": 1024, "first": 344, "last": 352, "elapsed_seconds": 2.60092406719923, "allocated_bytes": 5252317184}
{"event": "chunk", "n": 1024, "first": 352, "last": 360, "elapsed_seconds": 2.660010002553463, "allocated_bytes": 5252317184}
{"event": "chunk", "n": 1024, "first": 360, "last": 368, "elapsed_seconds": 2.7191322967410088, "allocated_bytes": 5252317184}
{"event": "chunk", "n": 1024, "first": 368, "last": 376, "elapsed_seconds": 2.7782080955803394, "allocated_bytes": 5252317184}
{"event": "chunk", "n": 1024, "first": 376, "last": 384, "elapsed_seconds": 2.8373008370399475, "allocated_bytes": 5252317184}
{"event": "chunk", "n": 1024, "first": 384, "last": 392, "elapsed_seconds": 2.8963995426893234, "allocated_bytes": 5252317184}
{"event": "chunk", "n": 1024, "first": 392, "last": 400, "elapsed_seconds": 2.9554562009871006, "allocated_bytes": 5252317184}
{"event": "chunk", "n": 1024, "first": 400, "last": 408, "elapsed_seconds": 3.0145360492169857, "allocated_bytes": 5252317184}
{"event": "chunk", "n": 1024, "first": 408, "last": 416, "elapsed_seconds": 3.073609784245491, "allocated_bytes": 5252317184}
{"event": "chunk", "n": 1024, "first": 416, "last": 424, "elapsed_seconds": 3.132702983915806, "allocated_bytes": 5252317184}
{"event": "chunk", "n": 1024, "first": 424, "last": 432, "elapsed_seconds": 3.1918018348515034, "allocated_bytes": 5252317184}
{"event": "chunk", "n": 1024, "first": 432, "last": 440, "elapsed_seconds": 3.2509432695806026, "allocated_bytes": 5252317184}
{"event": "chunk", "n": 1024, "first": 440, "last": 448, "elapsed_seconds": 3.3100510388612747, "allocated_bytes": 5252317184}
{"event": "chunk", "n": 1024, "first": 448, "last": 456, "elapsed_seconds": 3.3691530488431454, "allocated_bytes": 5252317184}
{"event": "chunk", "n": 1024, "first": 456, "last": 464, "elapsed_seconds": 3.428403738886118, "allocated_bytes": 5252317184}
{"event": "chunk", "n": 1024, "first": 464, "last": 472, "elapsed_seconds": 3.487616304308176, "allocated_bytes": 5252317184}
{"event": "chunk", "n": 1024, "first": 472, "last": 480, "elapsed_seconds": 3.54666318744421, "allocated_bytes": 5252317184}
{"event": "chunk", "n": 1024, "first": 480, "last": 488, "elapsed_seconds": 3.606123361736536, "allocated_bytes": 5252317184}
{"event": "chunk", "n": 1024, "first": 488, "last": 496, "elapsed_seconds": 3.6652047373354435, "allocated_bytes": 5252317184}
{"event": "chunk", "n": 1024, "first": 496, "last": 504, "elapsed_seconds": 3.724366296082735, "allocated_bytes": 5252317184}
{"event": "chunk", "n": 1024, "first": 504, "last": 512, "elapsed_seconds": 3.783445481210947, "allocated_bytes": 5252317184}
{"event": "chunk", "n": 1024, "first": 512, "last": 520, "elapsed_seconds": 3.842547133564949, "allocated_bytes": 5252317184}
{"event": "chunk", "n": 1024, "first": 520, "last": 528, "elapsed_seconds": 3.9016271345317364, "allocated_bytes": 5252317184}
{"event": "chunk", "n": 1024, "first": 528, "last": 536, "elapsed_seconds": 3.9607268534600735, "allocated_bytes": 5252317184}
{"event": "chunk", "n": 1024, "first": 536, "last": 544, "elapsed_seconds": 4.019792042672634, "allocated_bytes": 5252317184}
{"event": "chunk", "n": 1024, "first": 544, "last": 552, "elapsed_seconds": 4.078870985656977, "allocated_bytes": 5252317184}
{"event": "chunk", "n": 1024, "first": 552, "last": 560, "elapsed_seconds": 4.1379618644714355, "allocated_bytes": 5252317184}
{"event": "chunk", "n": 1024, "first": 560, "last": 568, "elapsed_seconds": 4.197068091481924, "allocated_bytes": 5252317184}
{"event": "chunk", "n": 1024, "first": 568, "last": 576, "elapsed_seconds": 4.256137348711491, "allocated_bytes": 5252317184}
{"event": "chunk", "n": 1024, "first": 576, "last": 584, "elapsed_seconds": 4.3152060136199, "allocated_bytes": 5252317184}
{"event": "chunk", "n": 1024, "first": 584, "last": 592, "elapsed_seconds": 4.374317832291126, "allocated_bytes": 5252317184}
{"event": "chunk", "n": 1024, "first": 592, "last": 600, "elapsed_seconds": 4.4333921149373055, "allocated_bytes": 5252317184}
{"event": "chunk", "n": 1024, "first": 600, "last": 608, "elapsed_seconds": 4.4924472868442535, "allocated_bytes": 5252317184}
{"event": "chunk", "n": 1024, "first": 608, "last": 616, "elapsed_seconds": 4.551493614912033, "allocated_bytes": 5252317184}
{"event": "chunk", "n": 1024, "first": 616, "last": 624, "elapsed_seconds": 4.610576830804348, "allocated_bytes": 5252317184}
{"event": "chunk", "n": 1024, "first": 624, "last": 632, "elapsed_seconds": 4.669660031795502, "allocated_bytes": 5252317184}
{"event": "chunk", "n": 1024, "first": 632, "last": 640, "elapsed_seconds": 4.728739105165005, "allocated_bytes": 5252317184}
{"event": "chunk", "n": 1024, "first": 640, "last": 648, "elapsed_seconds": 4.78781320899725, "allocated_bytes": 5252317184}
{"event": "chunk", "n": 1024, "first": 648, "last": 656, "elapsed_seconds": 4.84743058308959, "allocated_bytes": 5252317184}
{"event": "chunk", "n": 1024, "first": 656, "last": 664, "elapsed_seconds": 4.906654551625252, "allocated_bytes": 5252317184}
{"event": "chunk", "n": 1024, "first": 664, "last": 672, "elapsed_seconds": 4.965766444802284, "allocated_bytes": 5252317184}
{"event": "chunk", "n": 1024, "first": 672, "last": 680, "elapsed_seconds": 5.024869151413441, "allocated_bytes": 5252317184}
{"event": "chunk", "n": 1024, "first": 680, "last": 688, "elapsed_seconds": 5.083974391222, "allocated_bytes": 5252317184}
{"event": "chunk", "n": 1024, "first": 688, "last": 696, "elapsed_seconds": 5.143076345324516, "allocated_bytes": 5252317184}
{"event": "chunk", "n": 1024, "first": 696, "last": 704, "elapsed_seconds": 5.202169854193926, "allocated_bytes": 5252317184}
{"event": "chunk", "n": 1024, "first": 704, "last": 712, "elapsed_seconds": 5.261250041425228, "allocated_bytes": 5252317184}
{"event": "chunk", "n": 1024, "first": 712, "last": 720, "elapsed_seconds": 5.3203354105353355, "allocated_bytes": 5252317184}
{"event": "chunk", "n": 1024, "first": 720, "last": 728, "elapsed_seconds": 5.379420842975378, "allocated_bytes": 5252317184}
{"event": "chunk", "n": 1024, "first": 728, "last": 736, "elapsed_seconds": 5.438511326909065, "allocated_bytes": 5252317184}
{"event": "chunk", "n": 1024, "first": 736, "last": 744, "elapsed_seconds": 5.497597064822912, "allocated_bytes": 5252317184}
{"event": "chunk", "n": 1024, "first": 744, "last": 752, "elapsed_seconds": 5.556717801839113, "allocated_bytes": 5252317184}
{"event": "chunk", "n": 1024, "first": 752, "last": 760, "elapsed_seconds": 5.615798369050026, "allocated_bytes": 5252317184}
{"event": "chunk", "n": 1024, "first": 760, "last": 768, "elapsed_seconds": 5.67487795650959, "allocated_bytes": 5252317184}
{"event": "chunk", "n": 1024, "first": 768, "last": 776, "elapsed_seconds": 5.7339755818247795, "allocated_bytes": 5252317184}
{"event": "chunk", "n": 1024, "first": 776, "last": 784, "elapsed_seconds": 5.7930456548929214, "allocated_bytes": 5252317184}
{"event": "chunk", "n": 1024, "first": 784, "last": 792, "elapsed_seconds": 5.852101519703865, "allocated_bytes": 5252317184}
{"event": "chunk", "n": 1024, "first": 792, "last": 800, "elapsed_seconds": 5.911152072250843, "allocated_bytes": 5252317184}
{"event": "chunk", "n": 1024, "first": 800, "last": 808, "elapsed_seconds": 5.970229040831327, "allocated_bytes": 5252317184}
{"event": "chunk", "n": 1024, "first": 808, "last": 816, "elapsed_seconds": 6.029326681047678, "allocated_bytes": 5252317184}
{"event": "chunk", "n": 1024, "first": 816, "last": 824, "elapsed_seconds": 6.088442116975784, "allocated_bytes": 5252317184}
{"event": "chunk", "n": 1024, "first": 824, "last": 832, "elapsed_seconds": 6.147547446191311, "allocated_bytes": 5252317184}
{"event": "chunk", "n": 1024, "first": 832, "last": 840, "elapsed_seconds": 6.2066371738910675, "allocated_bytes": 5252317184}
{"event": "chunk", "n": 1024, "first": 840, "last": 848, "elapsed_seconds": 6.265705514699221, "allocated_bytes": 5252317184}
{"event": "chunk", "n": 1024, "first": 848, "last": 856, "elapsed_seconds": 6.324907291680574, "allocated_bytes": 5252317184}
{"event": "chunk", "n": 1024, "first": 856, "last": 864, "elapsed_seconds": 6.3840323351323605, "allocated_bytes": 5252317184}
{"event": "chunk", "n": 1024, "first": 864, "last": 872, "elapsed_seconds": 6.443073406815529, "allocated_bytes": 5252317184}
{"event": "chunk", "n": 1024, "first": 872, "last": 880, "elapsed_seconds": 6.502159900963306, "allocated_bytes": 5252317184}
{"event": "chunk", "n": 1024, "first": 880, "last": 888, "elapsed_seconds": 6.56124959141016, "allocated_bytes": 5252317184}
{"event": "chunk", "n": 1024, "first": 888, "last": 896, "elapsed_seconds": 6.62034484744072, "allocated_bytes": 5252317184}
{"event": "chunk", "n": 1024, "first": 896, "last": 904, "elapsed_seconds": 6.679424595087767, "allocated_bytes": 5252317184}
{"event": "chunk", "n": 1024, "first": 904, "last": 912, "elapsed_seconds": 6.738519825041294, "allocated_bytes": 5252317184}
{"event": "chunk", "n": 1024, "first": 912, "last": 920, "elapsed_seconds": 6.797610264271498, "allocated_bytes": 5252317184}
{"event": "chunk", "n": 1024, "first": 920, "last": 928, "elapsed_seconds": 6.856711011379957, "allocated_bytes": 5252317184}
{"event": "chunk", "n": 1024, "first": 928, "last": 936, "elapsed_seconds": 6.915786072611809, "allocated_bytes": 5252317184}
{"event": "chunk", "n": 1024, "first": 936, "last": 944, "elapsed_seconds": 6.97486686706543, "allocated_bytes": 5252317184}
{"event": "chunk", "n": 1024, "first": 944, "last": 952, "elapsed_seconds": 7.033946689218283, "allocated_bytes": 5252317184}
{"event": "chunk", "n": 1024, "first": 952, "last": 960, "elapsed_seconds": 7.09302544221282, "allocated_bytes": 5252317184}
{"event": "chunk", "n": 1024, "first": 960, "last": 968, "elapsed_seconds": 7.152147192507982, "allocated_bytes": 5252317184}
{"event": "chunk", "n": 1024, "first": 968, "last": 976, "elapsed_seconds": 7.211218718439341, "allocated_bytes": 5252317184}
{"event": "chunk", "n": 1024, "first": 976, "last": 984, "elapsed_seconds": 7.270678244531155, "allocated_bytes": 5252317184}
{"event": "chunk", "n": 1024, "first": 984, "last": 992, "elapsed_seconds": 7.329783625900745, "allocated_bytes": 5252317184}
{"event": "chunk", "n": 1024, "first": 992, "last": 1000, "elapsed_seconds": 7.388866044580936, "allocated_bytes": 5252317184}
{"event": "chunk", "n": 1024, "first": 1000, "last": 1008, "elapsed_seconds": 7.447949338704348, "allocated_bytes": 5252317184}
{"event": "chunk", "n": 1024, "first": 1008, "last": 1016, "elapsed_seconds": 7.507021382451057, "allocated_bytes": 5252317184}
{"event": "chunk", "n": 1024, "first": 1016, "last": 1024, "elapsed_seconds": 7.566102527081966, "allocated_bytes": 5252317184}
{"event": "case", "n": 1024, "dtype": "torch.bfloat16", "dim": 32, "checks": {"output": {"relative_l2": 0.0019220291795337067, "max_abs": 0.006887698129490083, "zero_max_abs": 0.0, "rounded_zero_reference_max_abs": 6.919961078962682e-05, "finite": true, "passed": true}, "dq": {"relative_l2": 0.00243968234165768, "max_abs": 0.011979303336191682, "zero_max_abs": 0.0, "rounded_zero_reference_max_abs": 0.0, "finite": true, "passed": true}, "dk": {"relative_l2": 0.0023591163240374914, "max_abs": 0.011590039495187554, "zero_max_abs": 0.0, "rounded_zero_reference_max_abs": 0.0, "finite": true, "passed": true}, "dv": {"relative_l2": 0.002281857226054224, "max_abs": 0.2448577880859375, "zero_max_abs": 0.0, "rounded_zero_reference_max_abs": 8.890223742778975e-05, "finite": true, "passed": true}, "db": {"relative_l2": 0.0016745866852161259, "max_abs": 0.06926344768732307, "zero_max_abs": 0.0, "rounded_zero_reference_max_abs": 0.0, "finite": true, "passed": true}}, "passed": true, "candidate_seconds": 0.07918773964047432, "reference_seconds": 7.567763842642307, "candidate_peak_allocated_bytes": 5203066880, "total_peak_allocated_bytes": 7332691968, "peak_reserved_bytes": 7369392128}
{"event": "summary", "requested_cases": 3, "completed_cases": 3, "failures": 0, "passed": true, "api": "low-memory", "dtype": "bf16", "dim": 32}
